Archive member included to satisfy reference by file (symbol)

/usr/lib32/libc_nonshared.a(elf-init.oS)
                              /usr/lib/gcc/x86_64-linux-gnu/9/../../../../lib32/crt1.o (__libc_csu_init)
/usr/lib32/libc_nonshared.a(stack_chk_fail_local.oS)
                              /home/jovyan/work/CprE537_Jamming_AntiJamming/Jammer/bin/native/core/ringbuffer.o (__stack_chk_fail_local)

Merging program properties

Removed property 0xc0000002 to merge /usr/lib/gcc/x86_64-linux-gnu/9/../../../../lib32/crt1.o (0x3) and /home/jovyan/work/CprE537_Jamming_AntiJamming/Jammer/bin/native/cpu/tramp.o (not found)
Removed property 0xc0000002 to merge /usr/lib/gcc/x86_64-linux-gnu/9/../../../../lib32/crt1.o (not found) and /home/jovyan/work/CprE537_Jamming_AntiJamming/Jammer/bin/native/frac/frac.o (0x3)
Removed property 0xc0000002 to merge /usr/lib/gcc/x86_64-linux-gnu/9/../../../../lib32/crt1.o (not found) and /home/jovyan/work/CprE537_Jamming_AntiJamming/Jammer/bin/native/native_drivers/native-led.o (0x3)
Removed property 0xc0000002 to merge /usr/lib/gcc/x86_64-linux-gnu/9/../../../../lib32/crt1.o (not found) and /home/jovyan/work/CprE537_Jamming_AntiJamming/Jammer/bin/native/native_drivers/native-qdec.o (0x3)
Removed property 0xc0000002 to merge /usr/lib/gcc/x86_64-linux-gnu/9/../../../../lib32/crt1.o (not found) and /home/jovyan/work/CprE537_Jamming_AntiJamming/Jammer/bin/native/periph_common/gpio.o (0x3)
Removed property 0xc0000002 to merge /usr/lib/gcc/x86_64-linux-gnu/9/../../../../lib32/crt1.o (not found) and /home/jovyan/work/CprE537_Jamming_AntiJamming/Jammer/bin/native/periph_common/init.o (0x3)
Removed property 0xc0000002 to merge /usr/lib/gcc/x86_64-linux-gnu/9/../../../../lib32/crt1.o (not found) and /home/jovyan/work/CprE537_Jamming_AntiJamming/Jammer/bin/native/periph_common/pm.o (0x3)
Removed property 0xc0000002 to merge /usr/lib/gcc/x86_64-linux-gnu/9/../../../../lib32/crt1.o (not found) and /home/jovyan/work/CprE537_Jamming_AntiJamming/Jammer/bin/native/periph_common/timer.o (0x3)
Removed property 0xc0000002 to merge /usr/lib/gcc/x86_64-linux-gnu/9/../../../../lib32/crt1.o (not found) and /home/jovyan/work/CprE537_Jamming_AntiJamming/Jammer/bin/native/periph/gpio_linux.o (0x3)
Removed property 0xc0000002 to merge /usr/lib/gcc/x86_64-linux-gnu/9/../../../../lib32/crt1.o (not found) and /home/jovyan/work/CprE537_Jamming_AntiJamming/Jammer/bin/native/periph/pm.o (0x3)
Removed property 0xc0000002 to merge /usr/lib/gcc/x86_64-linux-gnu/9/../../../../lib32/crt1.o (not found) and /home/jovyan/work/CprE537_Jamming_AntiJamming/Jammer/bin/native/periph/timer.o (0x3)
Removed property 0xc0000002 to merge /usr/lib/gcc/x86_64-linux-gnu/9/../../../../lib32/crt1.o (not found) and /home/jovyan/work/CprE537_Jamming_AntiJamming/Jammer/bin/native/periph/uart.o (0x3)
Removed property 0xc0000002 to merge /usr/lib/gcc/x86_64-linux-gnu/9/../../../../lib32/crt1.o (not found) and /home/jovyan/work/CprE537_Jamming_AntiJamming/Jammer/bin/native/stdio_native/stdio_native.o (0x3)
Removed property 0xc0000002 to merge /usr/lib/gcc/x86_64-linux-gnu/9/../../../../lib32/crt1.o (not found) and /home/jovyan/work/CprE537_Jamming_AntiJamming/Jammer/bin/native/ztimer_core/convert_frac.o (0x3)
Removed property 0xc0000002 to merge /usr/lib/gcc/x86_64-linux-gnu/9/../../../../lib32/crt1.o (not found) and /home/jovyan/work/CprE537_Jamming_AntiJamming/Jammer/bin/native/ztimer_core/convert.o (0x3)
Removed property 0xc0000002 to merge /usr/lib/gcc/x86_64-linux-gnu/9/../../../../lib32/crt1.o (not found) and /home/jovyan/work/CprE537_Jamming_AntiJamming/Jammer/bin/native/ztimer_core/convert_shift.o (0x3)
Removed property 0xc0000002 to merge /usr/lib/gcc/x86_64-linux-gnu/9/../../../../lib32/crt1.o (not found) and /home/jovyan/work/CprE537_Jamming_AntiJamming/Jammer/bin/native/ztimer_core/core.o (0x3)
Removed property 0xc0000002 to merge /usr/lib/gcc/x86_64-linux-gnu/9/../../../../lib32/crt1.o (not found) and /home/jovyan/work/CprE537_Jamming_AntiJamming/Jammer/bin/native/ztimer_core/init.o (0x3)
Removed property 0xc0000002 to merge /usr/lib/gcc/x86_64-linux-gnu/9/../../../../lib32/crt1.o (not found) and /home/jovyan/work/CprE537_Jamming_AntiJamming/Jammer/bin/native/ztimer_core/periodic.o (0x3)
Removed property 0xc0000002 to merge /usr/lib/gcc/x86_64-linux-gnu/9/../../../../lib32/crt1.o (not found) and /home/jovyan/work/CprE537_Jamming_AntiJamming/Jammer/bin/native/ztimer_core/periph_timer.o (0x3)
Removed property 0xc0000002 to merge /usr/lib/gcc/x86_64-linux-gnu/9/../../../../lib32/crt1.o (not found) and /home/jovyan/work/CprE537_Jamming_AntiJamming/Jammer/bin/native/ztimer_core/util.o (0x3)
Removed property 0xc0000002 to merge /usr/lib/gcc/x86_64-linux-gnu/9/../../../../lib32/crt1.o (not found) and /usr/lib32/libc_nonshared.a(elf-init.oS) (0x3)
Removed property 0xc0000002 to merge /usr/lib/gcc/x86_64-linux-gnu/9/../../../../lib32/crt1.o (not found) and /usr/lib32/libc_nonshared.a(stack_chk_fail_local.oS) (0x3)
[...]
Memory Configuration

Name             Origin             Length             Attributes
*default*        0x0000000000000000 0xffffffffffffffff

Linker script and memory map

                [!provide]                        PROVIDE (__executable_start = SEGMENT_START ("text-segment", 0x8048000))
                0x0000000008048194                . = (SEGMENT_START ("text-segment", 0x8048000) + SIZEOF_HEADERS)

.interp         0x0000000008048194       0x13
 *(.interp)
 .interp        0x0000000008048194       0x13 /usr/lib/gcc/x86_64-linux-gnu/9/../../../../lib32/crt1.o

.note.gnu.build-id
                0x00000000080481a8       0x24
 *(.note.gnu.build-id)
 .note.gnu.build-id
                0x00000000080481a8       0x24 /usr/lib/gcc/x86_64-linux-gnu/9/../../../../lib32/crt1.o

.note.ABI-tag   0x00000000080481cc       0x20
 .note.ABI-tag  0x00000000080481cc       0x20 /usr/lib/gcc/x86_64-linux-gnu/9/../../../../lib32/crt1.o

.hash
 *(.hash)

.gnu.hash       0x00000000080481ec       0xc0
 *(.gnu.hash)
 .gnu.hash      0x00000000080481ec       0xc0 /usr/lib/gcc/x86_64-linux-gnu/9/../../../../lib32/crt1.o

.dynsym         0x00000000080482ac      0x340
 *(.dynsym)
 .dynsym        0x00000000080482ac      0x340 /usr/lib/gcc/x86_64-linux-gnu/9/../../../../lib32/crt1.o

.dynstr         0x00000000080485ec      0x1d1
 *(.dynstr)
 .dynstr        0x00000000080485ec      0x1d1 /usr/lib/gcc/x86_64-linux-gnu/9/../../../../lib32/crt1.o

.gnu.version    0x00000000080487be       0x68
 *(.gnu.version)
 .gnu.version   0x00000000080487be       0x68 /usr/lib/gcc/x86_64-linux-gnu/9/../../../../lib32/crt1.o

.gnu.version_d  0x0000000008048828        0x0
 *(.gnu.version_d)
 .gnu.version_d
                0x0000000008048828        0x0 /usr/lib/gcc/x86_64-linux-gnu/9/../../../../lib32/crt1.o

.gnu.version_r  0x0000000008048828       0x70
 *(.gnu.version_r)
 .gnu.version_r
                0x0000000008048828       0x70 /usr/lib/gcc/x86_64-linux-gnu/9/../../../../lib32/crt1.o

.rel.dyn        0x0000000008048898       0x20
 *(.rel.init)
 *(.rel.text .rel.text.* .rel.gnu.linkonce.t.*)
 .rel.text      0x0000000008048898        0x0 /usr/lib/gcc/x86_64-linux-gnu/9/../../../../lib32/crt1.o
 .rel.text.startup
                0x0000000008048898        0x0 /usr/lib/gcc/x86_64-linux-gnu/9/../../../../lib32/crt1.o
 *(.rel.fini)
 *(.rel.rodata .rel.rodata.* .rel.gnu.linkonce.r.*)
 *(.rel.data.rel.ro .rel.data.rel.ro.* .rel.gnu.linkonce.d.rel.ro.*)
 .rel.data.rel.ro
                0x0000000008048898        0x0 /usr/lib/gcc/x86_64-linux-gnu/9/../../../../lib32/crt1.o
 *(.rel.data .rel.data.* .rel.gnu.linkonce.d.*)
 *(.rel.tdata .rel.tdata.* .rel.gnu.linkonce.td.*)
 *(.rel.tbss .rel.tbss.* .rel.gnu.linkonce.tb.*)
 *(.rel.ctors)
 *(.rel.dtors)
 *(.rel.got)
 .rel.got       0x0000000008048898       0x20 /usr/lib/gcc/x86_64-linux-gnu/9/../../../../lib32/crt1.o
 *(.rel.bss .rel.bss.* .rel.gnu.linkonce.b.*)
 .rel.bss       0x00000000080488b8        0x0 /usr/lib/gcc/x86_64-linux-gnu/9/../../../../lib32/crt1.o
 *(.rel.ifunc)

.rel.plt        0x00000000080488b8       0xc0
 *(.rel.plt)
 .rel.plt       0x00000000080488b8       0xc0 /usr/lib/gcc/x86_64-linux-gnu/9/../../../../lib32/crt1.o
                [!provide]                        PROVIDE (__rel_iplt_start = .)
 *(.rel.iplt)
 .rel.iplt      0x0000000008048978        0x0 /usr/lib/gcc/x86_64-linux-gnu/9/../../../../lib32/crt1.o
                [!provide]                        PROVIDE (__rel_iplt_end = .)
                0x0000000008049000                . = ALIGN (CONSTANT (MAXPAGESIZE))

.init           0x0000000008049000       0x24
 *(SORT_NONE(.init))
 .init          0x0000000008049000       0x1f /usr/lib/gcc/x86_64-linux-gnu/9/../../../../lib32/crti.o
                0x0000000008049000                _init
 .init          0x000000000804901f        0x5 /usr/lib/gcc/x86_64-linux-gnu/9/../../../../lib32/crtn.o

.plt            0x0000000008049030      0x190
 *(.plt)
 .plt           0x0000000008049030      0x190 /usr/lib/gcc/x86_64-linux-gnu/9/../../../../lib32/crt1.o
                0x0000000008049040                sigprocmask@@GLIBC_2.0
                0x0000000008049050                reallocarray@@GLIBC_2.26
                0x0000000008049060                setcontext@@GLIBC_2.0
                0x0000000008049070                __stack_chk_fail@@GLIBC_2.4
                0x0000000008049080                strerror@@GLIBC_2.0
                0x0000000008049090                kill@@GLIBC_2.0
                0x00000000080490a0                getopt_long@@GLIBC_2.0
                0x00000000080490b0                __libc_start_main@@GLIBC_2.0
                0x00000000080490c0                sigdelset@@GLIBC_2.0
                0x00000000080490d0                getcontext@@GLIBC_2.1
                0x00000000080490e0                sigaddset@@GLIBC_2.0
                0x00000000080490f0                dlsym@@GLIBC_2.0
                0x0000000008049100                sigfillset@@GLIBC_2.0
                0x0000000008049110                snprintf@@GLIBC_2.0
                0x0000000008049120                swapcontext@@GLIBC_2.1
                0x0000000008049130                __errno_location@@GLIBC_2.0
                0x0000000008049140                fileno@@GLIBC_2.0
                0x0000000008049150                makecontext@@GLIBC_2.1
                0x0000000008049160                strndup@@GLIBC_2.0
                0x0000000008049170                sigemptyset@@GLIBC_2.0
                0x0000000008049180                vsnprintf@@GLIBC_2.0
                0x0000000008049190                sigaction@@GLIBC_2.0
                0x00000000080491a0                strtol@@GLIBC_2.0
                0x00000000080491b0                sigaltstack@@GLIBC_2.0
 *(.iplt)
 .iplt          0x00000000080491c0        0x0 /usr/lib/gcc/x86_64-linux-gnu/9/../../../../lib32/crt1.o

.plt.got        0x00000000080491c0        0x0
 *(.plt.got)
 .plt.got       0x00000000080491c0        0x0 /usr/lib/gcc/x86_64-linux-gnu/9/../../../../lib32/crt1.o

.plt.sec
 *(.plt.sec)

.text           0x00000000080491c0     0x3a38
 *(.text.unlikely .text.*_unlikely .text.unlikely.*)
 *(.text.exit .text.exit.*)
 *(.text.startup .text.startup.*)
 .text.startup  0x00000000080491c0      0x2e7 /home/jovyan/work/CprE537_Jamming_AntiJamming/Jammer/bin/native/cpu/startup.o
 *(.text.hot .text.hot.*)
 *(SORT_BY_NAME(.text.sorted.*))
 *(.text .stub .text.* .gnu.linkonce.t.*)
 *fill*         0x00000000080494a7        0x9 
 .text          0x00000000080494b0       0x45 /usr/lib/gcc/x86_64-linux-gnu/9/../../../../lib32/crt1.o
                0x00000000080494b0                _start
                0x00000000080494f0                _dl_relocate_static_pie
 *fill*         0x00000000080494f5        0xb 
 .text.__x86.get_pc_thunk.bx
                0x0000000008049500        0x4 /usr/lib/gcc/x86_64-linux-gnu/9/../../../../lib32/crti.o
                0x0000000008049500                __x86.get_pc_thunk.bx
 *fill*         0x0000000008049504        0xc 
 .text          0x0000000008049510       0xb6 /usr/lib/gcc/x86_64-linux-gnu/9/32/crtbegin.o
 .text.main     0x00000000080495c6       0x50 /home/jovyan/work/CprE537_Jamming_AntiJamming/Jammer/bin/native/application_hello-world/main.o
                0x00000000080495c6                main
 .text.auto_init
                0x0000000008049616       0x1d /home/jovyan/work/CprE537_Jamming_AntiJamming/Jammer/bin/native/auto_init/auto_init.o
                0x0000000008049616                auto_init
 .text.board_init
                0x0000000008049633       0x31 /home/jovyan/work/CprE537_Jamming_AntiJamming/Jammer/bin/native/board/board_init.o
                0x0000000008049633                board_init
 .text.__x86.get_pc_thunk.di
                0x0000000008049664        0x4 /home/jovyan/work/CprE537_Jamming_AntiJamming/Jammer/bin/native/core/atomic_c11.o
                0x0000000008049664                __x86.get_pc_thunk.di
 .text.bitarith_msb_32bit_no_native_clz
                0x0000000008049668       0x67 /home/jovyan/work/CprE537_Jamming_AntiJamming/Jammer/bin/native/core/bitarithm.o
                0x0000000008049668                bitarith_msb_32bit_no_native_clz
 .text.main_trampoline
                0x00000000080496cf       0x36 /home/jovyan/work/CprE537_Jamming_AntiJamming/Jammer/bin/native/core/init.o
 .text.idle_thread
                0x0000000008049705       0x1a /home/jovyan/work/CprE537_Jamming_AntiJamming/Jammer/bin/native/core/init.o
 .text.kernel_init
                0x000000000804971f       0x70 /home/jovyan/work/CprE537_Jamming_AntiJamming/Jammer/bin/native/core/init.o
                0x000000000804971f                kernel_init
 .text.__x86.get_pc_thunk.ax
                0x000000000804978f        0x4 /home/jovyan/work/CprE537_Jamming_AntiJamming/Jammer/bin/native/core/msg.o
                0x000000000804978f                __x86.get_pc_thunk.ax
 .text.mutex_lock
                0x0000000008049793       0x89 /home/jovyan/work/CprE537_Jamming_AntiJamming/Jammer/bin/native/core/mutex.o
                0x0000000008049793                mutex_lock
 .text.mutex_unlock
                0x000000000804981c       0x9a /home/jovyan/work/CprE537_Jamming_AntiJamming/Jammer/bin/native/core/mutex.o
                0x000000000804981c                mutex_unlock
 .text._unschedule
                0x00000000080498b6       0x10 /home/jovyan/work/CprE537_Jamming_AntiJamming/Jammer/bin/native/core/sched.o
 .text.sched_run
                0x00000000080498c6       0x6f /home/jovyan/work/CprE537_Jamming_AntiJamming/Jammer/bin/native/core/sched.o
                0x00000000080498c6                sched_run
 .text.sched_set_status
                0x0000000008049935       0xb4 /home/jovyan/work/CprE537_Jamming_AntiJamming/Jammer/bin/native/core/sched.o
                0x0000000008049935                sched_set_status
 .text.sched_switch
                0x00000000080499e9       0x51 /home/jovyan/work/CprE537_Jamming_AntiJamming/Jammer/bin/native/core/sched.o
                0x00000000080499e9                sched_switch
 .text.sched_task_exit
                0x0000000008049a3a       0x59 /home/jovyan/work/CprE537_Jamming_AntiJamming/Jammer/bin/native/core/sched.o
                0x0000000008049a3a                sched_task_exit
 .text.__x86.get_pc_thunk.si
                0x0000000008049a93        0x4 /home/jovyan/work/CprE537_Jamming_AntiJamming/Jammer/bin/native/core/sched.o
                0x0000000008049a93                __x86.get_pc_thunk.si
 .text.thread_add_to_list
                0x0000000008049a97       0x2a /home/jovyan/work/CprE537_Jamming_AntiJamming/Jammer/bin/native/core/thread.o
                0x0000000008049a97                thread_add_to_list
 .text.thread_create
                0x0000000008049ac1      0x18e /home/jovyan/work/CprE537_Jamming_AntiJamming/Jammer/bin/native/core/thread.o
                0x0000000008049ac1                thread_create
 .text.__x86.get_pc_thunk.dx
                0x0000000008049c4f        0x4 /home/jovyan/work/CprE537_Jamming_AntiJamming/Jammer/bin/native/core/thread.o
                0x0000000008049c4f                __x86.get_pc_thunk.dx
 .text.native_async_read_cleanup
                0x0000000008049c53       0x6b /home/jovyan/work/CprE537_Jamming_AntiJamming/Jammer/bin/native/cpu/async_read.o
                0x0000000008049c53                native_async_read_cleanup
 .text.native_shutdown
                0x0000000008049cbe       0x1d /home/jovyan/work/CprE537_Jamming_AntiJamming/Jammer/bin/native/cpu/irq_cpu.o
 .text.irq_disable
                0x0000000008049cdb       0x68 /home/jovyan/work/CprE537_Jamming_AntiJamming/Jammer/bin/native/cpu/irq_cpu.o
                0x0000000008049cdb                irq_disable
 .text.irq_enable
                0x0000000008049d43       0x85 /home/jovyan/work/CprE537_Jamming_AntiJamming/Jammer/bin/native/cpu/irq_cpu.o
                0x0000000008049d43                irq_enable
 .text.irq_restore
                0x0000000008049dc8       0x1e /home/jovyan/work/CprE537_Jamming_AntiJamming/Jammer/bin/native/cpu/irq_cpu.o
                0x0000000008049dc8                irq_restore
 .text.irq_is_in
                0x0000000008049de6       0x1a /home/jovyan/work/CprE537_Jamming_AntiJamming/Jammer/bin/native/cpu/irq_cpu.o
                0x0000000008049de6                irq_is_in
 .text._native_popsig
                0x0000000008049e00       0x92 /home/jovyan/work/CprE537_Jamming_AntiJamming/Jammer/bin/native/cpu/irq_cpu.o
                0x0000000008049e00                _native_popsig
 .text.native_irq_handler
                0x0000000008049e92       0x70 /home/jovyan/work/CprE537_Jamming_AntiJamming/Jammer/bin/native/cpu/irq_cpu.o
                0x0000000008049e92                native_irq_handler
 .text.isr_set_sigmask
                0x0000000008049f02       0x31 /home/jovyan/work/CprE537_Jamming_AntiJamming/Jammer/bin/native/cpu/irq_cpu.o
                0x0000000008049f02                isr_set_sigmask
 .text.native_isr_entry
                0x0000000008049f33      0x13f /home/jovyan/work/CprE537_Jamming_AntiJamming/Jammer/bin/native/cpu/irq_cpu.o
                0x0000000008049f33                native_isr_entry
 .text.set_signal_handler
                0x000000000804a072      0x150 /home/jovyan/work/CprE537_Jamming_AntiJamming/Jammer/bin/native/cpu/irq_cpu.o
                0x000000000804a072                set_signal_handler
 .text.register_interrupt
                0x000000000804a1c2       0x47 /home/jovyan/work/CprE537_Jamming_AntiJamming/Jammer/bin/native/cpu/irq_cpu.o
                0x000000000804a1c2                register_interrupt
 .text.unregister_interrupt
                0x000000000804a209       0x47 /home/jovyan/work/CprE537_Jamming_AntiJamming/Jammer/bin/native/cpu/irq_cpu.o
                0x000000000804a209                unregister_interrupt
 .text.native_interrupt_init
                0x000000000804a250      0x396 /home/jovyan/work/CprE537_Jamming_AntiJamming/Jammer/bin/native/cpu/irq_cpu.o
                0x000000000804a250                native_interrupt_init
 .text._native_mod_ctx_leave_sigh
                0x000000000804a5e6       0x22 /home/jovyan/work/CprE537_Jamming_AntiJamming/Jammer/bin/native/cpu/native_cpu.o
 .text.isr_cpu_switch_context_exit
                0x000000000804a608       0x83 /home/jovyan/work/CprE537_Jamming_AntiJamming/Jammer/bin/native/cpu/native_cpu.o
                0x000000000804a608                isr_cpu_switch_context_exit
 .text.isr_thread_yield
                0x000000000804a68b       0x71 /home/jovyan/work/CprE537_Jamming_AntiJamming/Jammer/bin/native/cpu/native_cpu.o
                0x000000000804a68b                isr_thread_yield
 .text.thread_stack_init
                0x000000000804a6fc       0xe7 /home/jovyan/work/CprE537_Jamming_AntiJamming/Jammer/bin/native/cpu/native_cpu.o
                0x000000000804a6fc                thread_stack_init
 .text.cpu_switch_context_exit
                0x000000000804a7e3       0x97 /home/jovyan/work/CprE537_Jamming_AntiJamming/Jammer/bin/native/cpu/native_cpu.o
                0x000000000804a7e3                cpu_switch_context_exit
 .text.thread_yield_higher
                0x000000000804a87a       0xb2 /home/jovyan/work/CprE537_Jamming_AntiJamming/Jammer/bin/native/cpu/native_cpu.o
                0x000000000804a87a                thread_yield_higher
 .text.native_cpu_init
                0x000000000804a92c       0x84 /home/jovyan/work/CprE537_Jamming_AntiJamming/Jammer/bin/native/cpu/native_cpu.o
                0x000000000804a92c                native_cpu_init
 .text._reset_handler
                0x000000000804a9b0       0x1d /home/jovyan/work/CprE537_Jamming_AntiJamming/Jammer/bin/native/cpu/startup.o
 .text.filter_daemonize_argv
                0x000000000804a9cd       0x5f /home/jovyan/work/CprE537_Jamming_AntiJamming/Jammer/bin/native/cpu/startup.o
 .text._native_input
                0x000000000804aa2c       0x73 /home/jovyan/work/CprE537_Jamming_AntiJamming/Jammer/bin/native/cpu/startup.o
                0x000000000804aa2c                _native_input
 .text._native_log_output
                0x000000000804aa9f      0x13f /home/jovyan/work/CprE537_Jamming_AntiJamming/Jammer/bin/native/cpu/startup.o
                0x000000000804aa9f                _native_log_output
 .text.daemonize
                0x000000000804abde       0xc6 /home/jovyan/work/CprE537_Jamming_AntiJamming/Jammer/bin/native/cpu/startup.o
                0x000000000804abde                daemonize
 .text.usage_exit
                0x000000000804aca4       0x7c /home/jovyan/work/CprE537_Jamming_AntiJamming/Jammer/bin/native/cpu/startup.o
                0x000000000804aca4                usage_exit
 .text._native_syscall_enter
                0x000000000804ad20       0x1c /home/jovyan/work/CprE537_Jamming_AntiJamming/Jammer/bin/native/cpu/syscalls.o
                0x000000000804ad20                _native_syscall_enter
 .text.err      0x000000000804ad3c       0x1e /home/jovyan/work/CprE537_Jamming_AntiJamming/Jammer/bin/native/cpu/syscalls.o
                0x000000000804ad3c                err
 .text._native_syscall_leave
                0x000000000804ad5a       0xd2 /home/jovyan/work/CprE537_Jamming_AntiJamming/Jammer/bin/native/cpu/syscalls.o
                0x000000000804ad5a                _native_syscall_leave
 .text.malloc   0x000000000804ae2c       0x7f /home/jovyan/work/CprE537_Jamming_AntiJamming/Jammer/bin/native/cpu/syscalls.o
                0x000000000804ae2c                malloc
 .text.free     0x000000000804aeab       0x2f /home/jovyan/work/CprE537_Jamming_AntiJamming/Jammer/bin/native/cpu/syscalls.o
                0x000000000804aeab                free
 .text.calloc   0x000000000804aeda       0x83 /home/jovyan/work/CprE537_Jamming_AntiJamming/Jammer/bin/native/cpu/syscalls.o
                0x000000000804aeda                calloc
 .text.realloc  0x000000000804af5d       0x37 /home/jovyan/work/CprE537_Jamming_AntiJamming/Jammer/bin/native/cpu/syscalls.o
                0x000000000804af5d                realloc
 .text.make_message
                0x000000000804af94       0x92 /home/jovyan/work/CprE537_Jamming_AntiJamming/Jammer/bin/native/cpu/syscalls.o
                0x000000000804af94                make_message
 .text._native_read
                0x000000000804b026       0x5e /home/jovyan/work/CprE537_Jamming_AntiJamming/Jammer/bin/native/cpu/syscalls.o
                0x000000000804b026                _native_read
 .text.getc     0x000000000804b084       0x62 /home/jovyan/work/CprE537_Jamming_AntiJamming/Jammer/bin/native/cpu/syscalls.o
                0x000000000804b084                getc
 .text.fgetc    0x000000000804b0e6       0x14 /home/jovyan/work/CprE537_Jamming_AntiJamming/Jammer/bin/native/cpu/syscalls.o
                0x000000000804b0e6                fgetc
 .text._native_write
                0x000000000804b0fa       0x62 /home/jovyan/work/CprE537_Jamming_AntiJamming/Jammer/bin/native/cpu/syscalls.o
                0x000000000804b0fa                _native_write
 .text.putchar  0x000000000804b15c       0x42 /home/jovyan/work/CprE537_Jamming_AntiJamming/Jammer/bin/native/cpu/syscalls.o
                0x000000000804b15c                putchar
 .text.putc     0x000000000804b19e       0x5a /home/jovyan/work/CprE537_Jamming_AntiJamming/Jammer/bin/native/cpu/syscalls.o
                0x000000000804b19e                putc
 .text.puts     0x000000000804b1f8       0x41 /home/jovyan/work/CprE537_Jamming_AntiJamming/Jammer/bin/native/cpu/syscalls.o
                0x000000000804b1f8                puts
 .text.vwarn    0x000000000804b239      0x115 /home/jovyan/work/CprE537_Jamming_AntiJamming/Jammer/bin/native/cpu/syscalls.o
                0x000000000804b239                vwarn
 .text.verr     0x000000000804b34e       0x2d /home/jovyan/work/CprE537_Jamming_AntiJamming/Jammer/bin/native/cpu/syscalls.o
                0x000000000804b34e                verr
 .text.warn     0x000000000804b37b       0x1c /home/jovyan/work/CprE537_Jamming_AntiJamming/Jammer/bin/native/cpu/syscalls.o
                0x000000000804b37b                warn
 .text.vwarnx   0x000000000804b397       0xc9 /home/jovyan/work/CprE537_Jamming_AntiJamming/Jammer/bin/native/cpu/syscalls.o
                0x000000000804b397                vwarnx
 .text.verrx    0x000000000804b460       0x2d /home/jovyan/work/CprE537_Jamming_AntiJamming/Jammer/bin/native/cpu/syscalls.o
                0x000000000804b460                verrx
 .text.warnx    0x000000000804b48d       0x1c /home/jovyan/work/CprE537_Jamming_AntiJamming/Jammer/bin/native/cpu/syscalls.o
                0x000000000804b48d                warnx
 .text.vfprintf
                0x000000000804b4a9       0x7b /home/jovyan/work/CprE537_Jamming_AntiJamming/Jammer/bin/native/cpu/syscalls.o
                0x000000000804b4a9                vfprintf
 .text.vprintf  0x000000000804b524       0x2a /home/jovyan/work/CprE537_Jamming_AntiJamming/Jammer/bin/native/cpu/syscalls.o
                0x000000000804b524                vprintf
 .text.printf   0x000000000804b54e       0x2e /home/jovyan/work/CprE537_Jamming_AntiJamming/Jammer/bin/native/cpu/syscalls.o
                0x000000000804b54e                printf
 .text.fprintf  0x000000000804b57c       0x20 /home/jovyan/work/CprE537_Jamming_AntiJamming/Jammer/bin/native/cpu/syscalls.o
                0x000000000804b57c                fprintf
 .text.errx     0x000000000804b59c       0x1e /home/jovyan/work/CprE537_Jamming_AntiJamming/Jammer/bin/native/cpu/syscalls.o
                0x000000000804b59c                errx
 .text.getpid   0x000000000804b5ba       0x26 /home/jovyan/work/CprE537_Jamming_AntiJamming/Jammer/bin/native/cpu/syscalls.o
                0x000000000804b5ba                getpid
 .text._native_init_syscalls
                0x000000000804b5e0      0x4c1 /home/jovyan/work/CprE537_Jamming_AntiJamming/Jammer/bin/native/cpu/syscalls.o
                0x000000000804b5e0                _native_init_syscalls
 .text          0x000000000804baa1       0x3f /home/jovyan/work/CprE537_Jamming_AntiJamming/Jammer/bin/native/cpu/tramp.o
                0x000000000804baa1                _native_sig_leave_tramp
                0x000000000804bacf                _native_sig_leave_handler
 .text.frac_long_divide
                0x000000000804bae0      0x110 /home/jovyan/work/CprE537_Jamming_AntiJamming/Jammer/bin/native/frac/frac.o
 .text.gcd32    0x000000000804bbf0       0x53 /home/jovyan/work/CprE537_Jamming_AntiJamming/Jammer/bin/native/frac/frac.o
                0x000000000804bbf0                gcd32
 .text.frac_init
                0x000000000804bc43       0x90 /home/jovyan/work/CprE537_Jamming_AntiJamming/Jammer/bin/native/frac/frac.o
                0x000000000804bc43                frac_init
 .text._native_LED_GREEN_ON
                0x000000000804bcd3       0x24 /home/jovyan/work/CprE537_Jamming_AntiJamming/Jammer/bin/native/native_drivers/native-led.o
                0x000000000804bcd3                _native_LED_GREEN_ON
 .text._native_LED_RED_OFF
                0x000000000804bcf7       0x24 /home/jovyan/work/CprE537_Jamming_AntiJamming/Jammer/bin/native/native_drivers/native-led.o
                0x000000000804bcf7                _native_LED_RED_OFF
 .text.periph_init
                0x000000000804bd1b        0x5 /home/jovyan/work/CprE537_Jamming_AntiJamming/Jammer/bin/native/periph_common/init.o
                0x000000000804bd1b                periph_init
 .text.gpio_linux_setup
                0x000000000804bd20      0x15d /home/jovyan/work/CprE537_Jamming_AntiJamming/Jammer/bin/native/periph/gpio_linux.o
                0x000000000804bd20                gpio_linux_setup
 .text.gpio_linux_teardown
                0x000000000804be7d       0xcb /home/jovyan/work/CprE537_Jamming_AntiJamming/Jammer/bin/native/periph/gpio_linux.o
                0x000000000804be7d                gpio_linux_teardown
 .text._native_sleep
                0x000000000804bf48       0x54 /home/jovyan/work/CprE537_Jamming_AntiJamming/Jammer/bin/native/periph/pm.o
 .text.pm_set_lowest
                0x000000000804bf9c       0x10 /home/jovyan/work/CprE537_Jamming_AntiJamming/Jammer/bin/native/periph/pm.o
                0x000000000804bf9c                pm_set_lowest
 .text.pm_off   0x000000000804bfac       0x33 /home/jovyan/work/CprE537_Jamming_AntiJamming/Jammer/bin/native/periph/pm.o
                0x000000000804bfac                pm_off
 .text.pm_reboot
                0x000000000804bfdf       0x6b /home/jovyan/work/CprE537_Jamming_AntiJamming/Jammer/bin/native/periph/pm.o
                0x000000000804bfdf                pm_reboot
 .text.ts2ticks
                0x000000000804c04a       0x20 /home/jovyan/work/CprE537_Jamming_AntiJamming/Jammer/bin/native/periph/timer.o
 .text.native_isr_timer
                0x000000000804c06a       0x23 /home/jovyan/work/CprE537_Jamming_AntiJamming/Jammer/bin/native/periph/timer.o
                0x000000000804c06a                native_isr_timer
 .text.timer_start
                0x000000000804c08d       0x51 /home/jovyan/work/CprE537_Jamming_AntiJamming/Jammer/bin/native/periph/timer.o
                0x000000000804c08d                timer_start
 .text.do_timer_set
                0x000000000804c0de       0x86 /home/jovyan/work/CprE537_Jamming_AntiJamming/Jammer/bin/native/periph/timer.o
 .text.timer_set
                0x000000000804c164       0x3c /home/jovyan/work/CprE537_Jamming_AntiJamming/Jammer/bin/native/periph/timer.o
                0x000000000804c164                timer_set
 .text.timer_clear
                0x000000000804c1a0       0x24 /home/jovyan/work/CprE537_Jamming_AntiJamming/Jammer/bin/native/periph/timer.o
                0x000000000804c1a0                timer_clear
 .text.timer_read
                0x000000000804c1c4       0x88 /home/jovyan/work/CprE537_Jamming_AntiJamming/Jammer/bin/native/periph/timer.o
                0x000000000804c1c4                timer_read
 .text.timer_init
                0x000000000804c24c       0x7e /home/jovyan/work/CprE537_Jamming_AntiJamming/Jammer/bin/native/periph/timer.o
                0x000000000804c24c                timer_init
 .text.tty_uart_setup
                0x000000000804c2ca       0x34 /home/jovyan/work/CprE537_Jamming_AntiJamming/Jammer/bin/native/periph/uart.o
                0x000000000804c2ca                tty_uart_setup
 .text.stdio_init
                0x000000000804c2fe        0x5 /home/jovyan/work/CprE537_Jamming_AntiJamming/Jammer/bin/native/stdio_native/stdio_native.o
                0x000000000804c2fe                stdio_init
 .text.stdio_read
                0x000000000804c303       0x27 /home/jovyan/work/CprE537_Jamming_AntiJamming/Jammer/bin/native/stdio_native/stdio_native.o
                0x000000000804c303                stdio_read
 .text.stdio_write
                0x000000000804c32a       0x27 /home/jovyan/work/CprE537_Jamming_AntiJamming/Jammer/bin/native/stdio_native/stdio_native.o
                0x000000000804c32a                stdio_write
 .text.ztimer_convert_frac_op_now
                0x000000000804c351       0x5b /home/jovyan/work/CprE537_Jamming_AntiJamming/Jammer/bin/native/ztimer_core/convert_frac.o
 .text.ztimer_convert_frac_op_set
                0x000000000804c3ac       0x4a /home/jovyan/work/CprE537_Jamming_AntiJamming/Jammer/bin/native/ztimer_core/convert_frac.o
 .text.ztimer_convert_frac_compute_scale
                0x000000000804c3f6       0x39 /home/jovyan/work/CprE537_Jamming_AntiJamming/Jammer/bin/native/ztimer_core/convert_frac.o
 .text.ztimer_convert_frac_init
                0x000000000804c42f       0xab /home/jovyan/work/CprE537_Jamming_AntiJamming/Jammer/bin/native/ztimer_core/convert_frac.o
                0x000000000804c42f                ztimer_convert_frac_init
 .text.ztimer_convert_cancel
                0x000000000804c4da       0x28 /home/jovyan/work/CprE537_Jamming_AntiJamming/Jammer/bin/native/ztimer_core/convert.o
                0x000000000804c4da                ztimer_convert_cancel
 .text._is_set  0x000000000804c502       0x27 /home/jovyan/work/CprE537_Jamming_AntiJamming/Jammer/bin/native/ztimer_core/core.o
 .text._add_entry_to_list
                0x000000000804c529       0x3c /home/jovyan/work/CprE537_Jamming_AntiJamming/Jammer/bin/native/ztimer_core/core.o
 .text._add_modulo
                0x000000000804c565        0xd /home/jovyan/work/CprE537_Jamming_AntiJamming/Jammer/bin/native/ztimer_core/core.o
 .text._del_entry_from_list
                0x000000000804c572       0x48 /home/jovyan/work/CprE537_Jamming_AntiJamming/Jammer/bin/native/ztimer_core/core.o
 .text._now_next
                0x000000000804c5ba       0x2b /home/jovyan/work/CprE537_Jamming_AntiJamming/Jammer/bin/native/ztimer_core/core.o
 .text._ztimer_update
                0x000000000804c5e5       0x6d /home/jovyan/work/CprE537_Jamming_AntiJamming/Jammer/bin/native/ztimer_core/core.o
 .text._ztimer_now_extend
                0x000000000804c652       0x61 /home/jovyan/work/CprE537_Jamming_AntiJamming/Jammer/bin/native/ztimer_core/core.o
                0x000000000804c652                _ztimer_now_extend
 .text._ztimer_update_head_offset
                0x000000000804c6b3       0x80 /home/jovyan/work/CprE537_Jamming_AntiJamming/Jammer/bin/native/ztimer_core/core.o
 .text.ztimer_remove
                0x000000000804c733       0x69 /home/jovyan/work/CprE537_Jamming_AntiJamming/Jammer/bin/native/ztimer_core/core.o
                0x000000000804c733                ztimer_remove
 .text.ztimer_set
                0x000000000804c79c       0xad /home/jovyan/work/CprE537_Jamming_AntiJamming/Jammer/bin/native/ztimer_core/core.o
                0x000000000804c79c                ztimer_set
 .text.ztimer_handler
                0x000000000804c849       0xf2 /home/jovyan/work/CprE537_Jamming_AntiJamming/Jammer/bin/native/ztimer_core/core.o
                0x000000000804c849                ztimer_handler
 .text.__x86.get_pc_thunk.bp
                0x000000000804c93b        0x4 /home/jovyan/work/CprE537_Jamming_AntiJamming/Jammer/bin/native/ztimer_core/core.o
                0x000000000804c93b                __x86.get_pc_thunk.bp
 .text.ztimer_init
                0x000000000804c93f       0x43 /home/jovyan/work/CprE537_Jamming_AntiJamming/Jammer/bin/native/ztimer_core/init.o
                0x000000000804c93f                ztimer_init
 .text._ztimer_periph_timer_callback
                0x000000000804c982       0x21 /home/jovyan/work/CprE537_Jamming_AntiJamming/Jammer/bin/native/ztimer_core/periph_timer.o
 .text._ztimer_periph_timer_cancel
                0x000000000804c9a3       0x28 /home/jovyan/work/CprE537_Jamming_AntiJamming/Jammer/bin/native/ztimer_core/periph_timer.o
 .text._ztimer_periph_timer_now
                0x000000000804c9cb       0x26 /home/jovyan/work/CprE537_Jamming_AntiJamming/Jammer/bin/native/ztimer_core/periph_timer.o
 .text._ztimer_periph_timer_set
                0x000000000804c9f1       0x4f /home/jovyan/work/CprE537_Jamming_AntiJamming/Jammer/bin/native/ztimer_core/periph_timer.o
 .text.ztimer_periph_timer_init
                0x000000000804ca40       0x66 /home/jovyan/work/CprE537_Jamming_AntiJamming/Jammer/bin/native/ztimer_core/periph_timer.o
                0x000000000804ca40                ztimer_periph_timer_init
 .text._callback_unlock_mutex
                0x000000000804caa6       0x21 /home/jovyan/work/CprE537_Jamming_AntiJamming/Jammer/bin/native/ztimer_core/util.o
 .text.ztimer_sleep
                0x000000000804cac7       0x99 /home/jovyan/work/CprE537_Jamming_AntiJamming/Jammer/bin/native/ztimer_core/util.o
                0x000000000804cac7                ztimer_sleep
 .text          0x000000000804cb60       0x75 /usr/lib32/libc_nonshared.a(elf-init.oS)
                0x000000000804cb60                __libc_csu_init
                0x000000000804cbd0                __libc_csu_fini
 *fill*         0x000000000804cbd5        0xb 
 .text          0x000000000804cbe0       0x18 /usr/lib32/libc_nonshared.a(stack_chk_fail_local.oS)
                0x000000000804cbe0                __stack_chk_fail_local
 *(.gnu.warning)
LOAD /usr/lib/gcc/x86_64-linux-gnu/9/../../../../lib32/crt1.o
LOAD /usr/lib/gcc/x86_64-linux-gnu/9/../../../../lib32/crti.o
LOAD /usr/lib/gcc/x86_64-linux-gnu/9/32/crtbegin.o
LOAD /home/jovyan/work/CprE537_Jamming_AntiJamming/Jammer/bin/native/application_hello-world/main.o
LOAD /home/jovyan/work/CprE537_Jamming_AntiJamming/Jammer/bin/native/auto_init/auto_init.o
LOAD /home/jovyan/work/CprE537_Jamming_AntiJamming/Jammer/bin/native/board/board_init.o
LOAD /home/jovyan/work/CprE537_Jamming_AntiJamming/Jammer/bin/native/core/assert.o
LOAD /home/jovyan/work/CprE537_Jamming_AntiJamming/Jammer/bin/native/core/atomic_c11.o
LOAD /home/jovyan/work/CprE537_Jamming_AntiJamming/Jammer/bin/native/core/atomic_sync.o
LOAD /home/jovyan/work/CprE537_Jamming_AntiJamming/Jammer/bin/native/core/bitarithm.o
LOAD /home/jovyan/work/CprE537_Jamming_AntiJamming/Jammer/bin/native/core/clist.o
LOAD /home/jovyan/work/CprE537_Jamming_AntiJamming/Jammer/bin/native/core/cond.o
LOAD /home/jovyan/work/CprE537_Jamming_AntiJamming/Jammer/bin/native/core/init.o
LOAD /home/jovyan/work/CprE537_Jamming_AntiJamming/Jammer/bin/native/core/msg.o
LOAD /home/jovyan/work/CprE537_Jamming_AntiJamming/Jammer/bin/native/core/mutex.o
LOAD /home/jovyan/work/CprE537_Jamming_AntiJamming/Jammer/bin/native/core/panic.o
LOAD /home/jovyan/work/CprE537_Jamming_AntiJamming/Jammer/bin/native/core/priority_queue.o
LOAD /home/jovyan/work/CprE537_Jamming_AntiJamming/Jammer/bin/native/core/ringbuffer.o
LOAD /home/jovyan/work/CprE537_Jamming_AntiJamming/Jammer/bin/native/core/rmutex.o
LOAD /home/jovyan/work/CprE537_Jamming_AntiJamming/Jammer/bin/native/core/sched.o
LOAD /home/jovyan/work/CprE537_Jamming_AntiJamming/Jammer/bin/native/core/thread.o
LOAD /home/jovyan/work/CprE537_Jamming_AntiJamming/Jammer/bin/native/cpu/async_read.o
LOAD /home/jovyan/work/CprE537_Jamming_AntiJamming/Jammer/bin/native/cpu/irq_cpu.o
LOAD /home/jovyan/work/CprE537_Jamming_AntiJamming/Jammer/bin/native/cpu/native_cpu.o
LOAD /home/jovyan/work/CprE537_Jamming_AntiJamming/Jammer/bin/native/cpu/panic.o
LOAD /home/jovyan/work/CprE537_Jamming_AntiJamming/Jammer/bin/native/cpu/startup.o
LOAD /home/jovyan/work/CprE537_Jamming_AntiJamming/Jammer/bin/native/cpu/syscalls.o
LOAD /home/jovyan/work/CprE537_Jamming_AntiJamming/Jammer/bin/native/cpu/tramp.o
LOAD /home/jovyan/work/CprE537_Jamming_AntiJamming/Jammer/bin/native/frac/frac.o
LOAD /home/jovyan/work/CprE537_Jamming_AntiJamming/Jammer/bin/native/native_drivers/native-led.o
LOAD /home/jovyan/work/CprE537_Jamming_AntiJamming/Jammer/bin/native/native_drivers/native-qdec.o
LOAD /home/jovyan/work/CprE537_Jamming_AntiJamming/Jammer/bin/native/periph_common/gpio.o
LOAD /home/jovyan/work/CprE537_Jamming_AntiJamming/Jammer/bin/native/periph_common/init.o
LOAD /home/jovyan/work/CprE537_Jamming_AntiJamming/Jammer/bin/native/periph_common/pm.o
LOAD /home/jovyan/work/CprE537_Jamming_AntiJamming/Jammer/bin/native/periph_common/timer.o
LOAD /home/jovyan/work/CprE537_Jamming_AntiJamming/Jammer/bin/native/periph/gpio_linux.o
LOAD /home/jovyan/work/CprE537_Jamming_AntiJamming/Jammer/bin/native/periph/pm.o
LOAD /home/jovyan/work/CprE537_Jamming_AntiJamming/Jammer/bin/native/periph/timer.o
LOAD /home/jovyan/work/CprE537_Jamming_AntiJamming/Jammer/bin/native/periph/uart.o
LOAD /home/jovyan/work/CprE537_Jamming_AntiJamming/Jammer/bin/native/stdio_native/stdio_native.o
LOAD /home/jovyan/work/CprE537_Jamming_AntiJamming/Jammer/bin/native/ztimer_core/convert_frac.o
LOAD /home/jovyan/work/CprE537_Jamming_AntiJamming/Jammer/bin/native/ztimer_core/convert.o
LOAD /home/jovyan/work/CprE537_Jamming_AntiJamming/Jammer/bin/native/ztimer_core/convert_shift.o
LOAD /home/jovyan/work/CprE537_Jamming_AntiJamming/Jammer/bin/native/ztimer_core/core.o
LOAD /home/jovyan/work/CprE537_Jamming_AntiJamming/Jammer/bin/native/ztimer_core/init.o
LOAD /home/jovyan/work/CprE537_Jamming_AntiJamming/Jammer/bin/native/ztimer_core/periodic.o
LOAD /home/jovyan/work/CprE537_Jamming_AntiJamming/Jammer/bin/native/ztimer_core/periph_timer.o
LOAD /home/jovyan/work/CprE537_Jamming_AntiJamming/Jammer/bin/native/ztimer_core/util.o
LOAD /usr/lib/gcc/x86_64-linux-gnu/9/../../../../lib32/libm.so
LOAD /usr/lib/gcc/x86_64-linux-gnu/9/../../../../lib32/libdl.so
LOAD /usr/lib/gcc/x86_64-linux-gnu/9/32/libgcc.a
LOAD /usr/lib/gcc/x86_64-linux-gnu/9/32/libgcc_s.so
START GROUP
LOAD /usr/lib/gcc/x86_64-linux-gnu/9/../../../../lib32/libgcc_s.so.1
LOAD /usr/lib/gcc/x86_64-linux-gnu/9/32/libgcc.a
END GROUP
LOAD /usr/lib/gcc/x86_64-linux-gnu/9/../../../../lib32/libc.so
START GROUP
LOAD /lib32/libc.so.6
LOAD /usr/lib32/libc_nonshared.a
LOAD /lib32/ld-linux.so.2
END GROUP
LOAD /usr/lib/gcc/x86_64-linux-gnu/9/32/libgcc.a
LOAD /usr/lib/gcc/x86_64-linux-gnu/9/32/libgcc_s.so
START GROUP
LOAD /usr/lib/gcc/x86_64-linux-gnu/9/../../../../lib32/libgcc_s.so.1
LOAD /usr/lib/gcc/x86_64-linux-gnu/9/32/libgcc.a
END GROUP
LOAD /usr/lib/gcc/x86_64-linux-gnu/9/32/crtend.o
LOAD /usr/lib/gcc/x86_64-linux-gnu/9/../../../../lib32/crtn.o

.rodata         0x000000000804cbf8      0xce9
 *(SORT_BY_NAME(.roxfa.*))
 *(.rodata .rodata.* .gnu.linkonce.r.*)
 .rodata.cst4   0x000000000804cbf8        0x4 /usr/lib/gcc/x86_64-linux-gnu/9/../../../../lib32/crt1.o
                0x000000000804cbf8                _IO_stdin_used
 .rodata.main.str1.1
                0x000000000804cbfc       0x11 /home/jovyan/work/CprE537_Jamming_AntiJamming/Jammer/bin/native/application_hello-world/main.o
 *fill*         0x000000000804cc0d        0x3 
 .rodata.board_init.str1.4
                0x000000000804cc10       0x1f /home/jovyan/work/CprE537_Jamming_AntiJamming/Jammer/bin/native/board/board_init.o
 *fill*         0x000000000804cc2f        0x1 
 .rodata.main_trampoline.str1.4
                0x000000000804cc30       0x29 /home/jovyan/work/CprE537_Jamming_AntiJamming/Jammer/bin/native/core/init.o
 .rodata.kernel_init.str1.1
                0x000000000804cc59        0xa /home/jovyan/work/CprE537_Jamming_AntiJamming/Jammer/bin/native/core/init.o
 .rodata.irq_disable.str1.1
                0x000000000804cc63       0x19 /home/jovyan/work/CprE537_Jamming_AntiJamming/Jammer/bin/native/cpu/irq_cpu.o
 .rodata.irq_enable.str1.1
                0x000000000804cc7c       0x18 /home/jovyan/work/CprE537_Jamming_AntiJamming/Jammer/bin/native/cpu/irq_cpu.o
 .rodata._native_popsig.str1.1
                0x000000000804cc94       0x1a /home/jovyan/work/CprE537_Jamming_AntiJamming/Jammer/bin/native/cpu/irq_cpu.o
 *fill*         0x000000000804ccae        0x2 
 .rodata.native_irq_handler.str1.4
                0x000000000804ccb0       0x6b /home/jovyan/work/CprE537_Jamming_AntiJamming/Jammer/bin/native/cpu/irq_cpu.o
 *fill*         0x000000000804cd1b        0x1 
 .rodata.native_isr_entry.str1.4
                0x000000000804cd1c       0x8a /home/jovyan/work/CprE537_Jamming_AntiJamming/Jammer/bin/native/cpu/irq_cpu.o
 .rodata.set_signal_handler.str1.1
                0x000000000804cda6       0x3c /home/jovyan/work/CprE537_Jamming_AntiJamming/Jammer/bin/native/cpu/irq_cpu.o
 *fill*         0x000000000804cde2        0x2 
 .rodata.native_interrupt_init.str1.4
                0x000000000804cde4      0x104 /home/jovyan/work/CprE537_Jamming_AntiJamming/Jammer/bin/native/cpu/irq_cpu.o
 .rodata.native_interrupt_init.str1.1
                0x000000000804cee8       0x1c /home/jovyan/work/CprE537_Jamming_AntiJamming/Jammer/bin/native/cpu/irq_cpu.o
 .rodata.isr_cpu_switch_context_exit.str1.4
                0x000000000804cf04       0x50 /home/jovyan/work/CprE537_Jamming_AntiJamming/Jammer/bin/native/cpu/native_cpu.o
 .rodata.isr_thread_yield.str1.1
                0x000000000804cf54       0x1d /home/jovyan/work/CprE537_Jamming_AntiJamming/Jammer/bin/native/cpu/native_cpu.o
 .rodata.thread_stack_init.str1.1
                0x000000000804cf71       0x1e /home/jovyan/work/CprE537_Jamming_AntiJamming/Jammer/bin/native/cpu/native_cpu.o
 *fill*         0x000000000804cf8f        0x1 
 .rodata.thread_stack_init.str1.4
                0x000000000804cf90       0x1f /home/jovyan/work/CprE537_Jamming_AntiJamming/Jammer/bin/native/cpu/native_cpu.o
 *fill*         0x000000000804cfaf        0x1 
 .rodata.cpu_switch_context_exit.str1.4
                0x000000000804cfb0       0x28 /home/jovyan/work/CprE537_Jamming_AntiJamming/Jammer/bin/native/cpu/native_cpu.o
                                         0x4c (size before relaxing)
 .rodata.thread_yield_higher.str1.4
                0x000000000804cfd8       0x21 /home/jovyan/work/CprE537_Jamming_AntiJamming/Jammer/bin/native/cpu/native_cpu.o
 .rodata.native_cpu_init.str1.1
                0x000000000804cff9       0x1c /home/jovyan/work/CprE537_Jamming_AntiJamming/Jammer/bin/native/cpu/native_cpu.o
 .rodata.filter_daemonize_argv.str1.1
                0x000000000804d015        0x3 /home/jovyan/work/CprE537_Jamming_AntiJamming/Jammer/bin/native/cpu/startup.o
 .rodata._native_input.str1.1
                0x000000000804d018       0x1a /home/jovyan/work/CprE537_Jamming_AntiJamming/Jammer/bin/native/cpu/startup.o
 *fill*         0x000000000804d032        0x2 
 .rodata._native_input.str1.4
                0x000000000804d034       0x24 /home/jovyan/work/CprE537_Jamming_AntiJamming/Jammer/bin/native/cpu/startup.o
 .rodata._native_log_output.str1.1
                0x000000000804d058       0x3a /home/jovyan/work/CprE537_Jamming_AntiJamming/Jammer/bin/native/cpu/startup.o
                                         0x3e (size before relaxing)
 *fill*         0x000000000804d092        0x2 
 .rodata._native_log_output.str1.4
                0x000000000804d094       0x49 /home/jovyan/work/CprE537_Jamming_AntiJamming/Jammer/bin/native/cpu/startup.o
 .rodata.daemonize.str1.1
                0x000000000804d0dd       0x43 /home/jovyan/work/CprE537_Jamming_AntiJamming/Jammer/bin/native/cpu/startup.o
 .rodata.usage_exit.str1.1
                0x000000000804d120       0x2b /home/jovyan/work/CprE537_Jamming_AntiJamming/Jammer/bin/native/cpu/startup.o
 *fill*         0x000000000804d14b        0x1 
 .rodata.usage_exit.str1.4
                0x000000000804d14c      0x3d4 /home/jovyan/work/CprE537_Jamming_AntiJamming/Jammer/bin/native/cpu/startup.o
 .rodata.startup.str1.4
                0x000000000804d520       0x2f /home/jovyan/work/CprE537_Jamming_AntiJamming/Jammer/bin/native/cpu/startup.o
 *fill*         0x000000000804d54f        0x1 
 .rodata.startup
                0x000000000804d550       0xbc /home/jovyan/work/CprE537_Jamming_AntiJamming/Jammer/bin/native/cpu/startup.o
 .rodata.str1.1
                0x000000000804d60c       0x4c /home/jovyan/work/CprE537_Jamming_AntiJamming/Jammer/bin/native/cpu/startup.o
                                         0x4f (size before relaxing)
 .rodata.short_opts
                0x000000000804d658        0xf /home/jovyan/work/CprE537_Jamming_AntiJamming/Jammer/bin/native/cpu/startup.o
 *fill*         0x000000000804d667        0x1 
 .rodata._native_syscall_leave.str1.4
                0x000000000804d668       0x23 /home/jovyan/work/CprE537_Jamming_AntiJamming/Jammer/bin/native/cpu/syscalls.o
 .rodata.malloc.str1.1
                0x000000000804d68b        0x7 /home/jovyan/work/CprE537_Jamming_AntiJamming/Jammer/bin/native/cpu/syscalls.o
 .rodata.calloc.str1.1
                0x000000000804d692        0x7 /home/jovyan/work/CprE537_Jamming_AntiJamming/Jammer/bin/native/cpu/syscalls.o
 .rodata.vwarn.str1.1
                0x000000000804d699        0xb /home/jovyan/work/CprE537_Jamming_AntiJamming/Jammer/bin/native/cpu/syscalls.o
                                          0xd (size before relaxing)
 .rodata.getpid.str1.1
                0x000000000804d6a4       0x10 /home/jovyan/work/CprE537_Jamming_AntiJamming/Jammer/bin/native/cpu/syscalls.o
 .rodata._native_init_syscalls.str1.1
                0x000000000804d6b4      0x121 /home/jovyan/work/CprE537_Jamming_AntiJamming/Jammer/bin/native/cpu/syscalls.o
                                        0x16e (size before relaxing)
 .rodata._native_LED_GREEN_ON.str1.1
                0x000000000804d7d5        0xd /home/jovyan/work/CprE537_Jamming_AntiJamming/Jammer/bin/native/native_drivers/native-led.o
 .rodata._native_LED_RED_OFF.str1.1
                0x000000000804d7e2        0xc /home/jovyan/work/CprE537_Jamming_AntiJamming/Jammer/bin/native/native_drivers/native-led.o
 .rodata.gpio_linux_setup.str1.1
                0x000000000804d7ee       0x43 /home/jovyan/work/CprE537_Jamming_AntiJamming/Jammer/bin/native/periph/gpio_linux.o
 *fill*         0x000000000804d831        0x3 
 .rodata.gpio_linux_setup.str1.4
                0x000000000804d834       0x20 /home/jovyan/work/CprE537_Jamming_AntiJamming/Jammer/bin/native/periph/gpio_linux.o
 .rodata.pm_off.str1.1
                0x000000000804d854       0x11 /home/jovyan/work/CprE537_Jamming_AntiJamming/Jammer/bin/native/periph/pm.o
 .rodata.pm_reboot.str1.1
                0x000000000804d865       0x21 /home/jovyan/work/CprE537_Jamming_AntiJamming/Jammer/bin/native/periph/pm.o
 *fill*         0x000000000804d886        0x2 
 .rodata.pm_reboot.str1.4
                0x000000000804d888       0x2a /home/jovyan/work/CprE537_Jamming_AntiJamming/Jammer/bin/native/periph/pm.o
 .rodata.timer_start.str1.1
                0x000000000804d8b2       0x15 /home/jovyan/work/CprE537_Jamming_AntiJamming/Jammer/bin/native/periph/timer.o
 .rodata.timer_read.str1.1
                0x000000000804d8c7       0x1a /home/jovyan/work/CprE537_Jamming_AntiJamming/Jammer/bin/native/periph/timer.o

.data           0x000000000804d900       0xf0
 *(SORT_BY_NAME(.xfa.*))
 *(.data .data.* .gnu.linkonce.d.*)
 .data.rel.ro   0x000000000804d900        0x0 /usr/lib/gcc/x86_64-linux-gnu/9/../../../../lib32/crt1.o
 .data.rel.ro.local.long_opts
                0x000000000804d900       0xa0 /home/jovyan/work/CprE537_Jamming_AntiJamming/Jammer/bin/native/cpu/startup.o
 .data.rel.ro.ztimer_convert_frac_ops
                0x000000000804d9a0        0xc /home/jovyan/work/CprE537_Jamming_AntiJamming/Jammer/bin/native/ztimer_core/convert_frac.o
 .data.rel.ro.local.ZTIMER_SEC
                0x000000000804d9ac        0x4 /home/jovyan/work/CprE537_Jamming_AntiJamming/Jammer/bin/native/ztimer_core/init.o
                0x000000000804d9ac                ZTIMER_SEC
 *fill*         0x000000000804d9b0       0x10 
 .data._ztimer_periph_timer
                0x000000000804d9c0       0x24 /home/jovyan/work/CprE537_Jamming_AntiJamming/Jammer/bin/native/ztimer_core/init.o
 .data.rel.ro.local._ztimer_periph_timer_ops
                0x000000000804d9e4        0xc /home/jovyan/work/CprE537_Jamming_AntiJamming/Jammer/bin/native/ztimer_core/periph_timer.o

.tm_clone_table
                0x000000000804d9f0        0x0
 .tm_clone_table
                0x000000000804d9f0        0x0 /usr/lib/gcc/x86_64-linux-gnu/9/32/crtbegin.o
 .tm_clone_table
                0x000000000804d9f0        0x0 /usr/lib/gcc/x86_64-linux-gnu/9/32/crtend.o

.fini           0x000000000804d9f0       0x18
 *(SORT_NONE(.fini))
 .fini          0x000000000804d9f0       0x13 /usr/lib/gcc/x86_64-linux-gnu/9/../../../../lib32/crti.o
                0x000000000804d9f0                _fini
 .fini          0x000000000804da03        0x5 /usr/lib/gcc/x86_64-linux-gnu/9/../../../../lib32/crtn.o
                [!provide]                        PROVIDE (__etext = .)
                [!provide]                        PROVIDE (_etext = .)
                [!provide]                        PROVIDE (etext = .)
                0x000000000804e000                . = ALIGN (CONSTANT (MAXPAGESIZE))
                0x000000000804e000                . = SEGMENT_START ("rodata-segment", (ALIGN (CONSTANT (MAXPAGESIZE)) + (. & (CONSTANT (MAXPAGESIZE) - 0x1))))

.rodata1
 *(.rodata1)

.eh_frame_hdr   0x000000000804e000      0x424
 *(.eh_frame_hdr)
 .eh_frame_hdr  0x000000000804e000      0x424 /usr/lib/gcc/x86_64-linux-gnu/9/../../../../lib32/crt1.o
                0x000000000804e000                __GNU_EH_FRAME_HDR
 *(.eh_frame_entry .eh_frame_entry.*)

.eh_frame       0x000000000804e424     0x2024
 *(.eh_frame)
 .eh_frame      0x000000000804e424       0x40 /usr/lib/gcc/x86_64-linux-gnu/9/../../../../lib32/crt1.o
                                         0x58 (size before relaxing)
 .eh_frame      0x000000000804e464       0x24 /usr/lib/gcc/x86_64-linux-gnu/9/../../../../lib32/crt1.o
                                         0x40 (size before relaxing)
 .eh_frame      0x000000000804e488        0x0 /usr/lib/gcc/x86_64-linux-gnu/9/../../../../lib32/crt1.o
 .eh_frame      0x000000000804e488       0x34 /home/jovyan/work/CprE537_Jamming_AntiJamming/Jammer/bin/native/application_hello-world/main.o
                                         0x60 (size before relaxing)
 .eh_frame      0x000000000804e4bc       0x20 /home/jovyan/work/CprE537_Jamming_AntiJamming/Jammer/bin/native/auto_init/auto_init.o
                                         0x4c (size before relaxing)
 .eh_frame      0x000000000804e4dc       0x28 /home/jovyan/work/CprE537_Jamming_AntiJamming/Jammer/bin/native/board/board_init.o
                                         0x54 (size before relaxing)
 .eh_frame      0x000000000804e504        0x0 /home/jovyan/work/CprE537_Jamming_AntiJamming/Jammer/bin/native/core/assert.o
                                         0x58 (size before relaxing)
 .eh_frame      0x000000000804e504       0x14 /home/jovyan/work/CprE537_Jamming_AntiJamming/Jammer/bin/native/core/atomic_c11.o
                                       0x1110 (size before relaxing)
 .eh_frame      0x000000000804e518       0x14 /home/jovyan/work/CprE537_Jamming_AntiJamming/Jammer/bin/native/core/bitarithm.o
                                         0x40 (size before relaxing)
 .eh_frame      0x000000000804e52c        0x0 /home/jovyan/work/CprE537_Jamming_AntiJamming/Jammer/bin/native/core/clist.o
                                         0x64 (size before relaxing)
 .eh_frame      0x000000000804e52c        0x0 /home/jovyan/work/CprE537_Jamming_AntiJamming/Jammer/bin/native/core/cond.o
                                        0x120 (size before relaxing)
 .eh_frame      0x000000000804e52c       0x90 /home/jovyan/work/CprE537_Jamming_AntiJamming/Jammer/bin/native/core/init.o
                                         0xbc (size before relaxing)
 .eh_frame      0x000000000804e5bc       0x14 /home/jovyan/work/CprE537_Jamming_AntiJamming/Jammer/bin/native/core/msg.o
                                        0x488 (size before relaxing)
 .eh_frame      0x000000000804e5d0       0xd0 /home/jovyan/work/CprE537_Jamming_AntiJamming/Jammer/bin/native/core/mutex.o
                                        0x248 (size before relaxing)
 .eh_frame      0x000000000804e6a0        0x0 /home/jovyan/work/CprE537_Jamming_AntiJamming/Jammer/bin/native/core/panic.o
                                         0x84 (size before relaxing)
 .eh_frame      0x000000000804e6a0        0x0 /home/jovyan/work/CprE537_Jamming_AntiJamming/Jammer/bin/native/core/priority_queue.o
                                         0x5c (size before relaxing)
 .eh_frame      0x000000000804e6a0        0x0 /home/jovyan/work/CprE537_Jamming_AntiJamming/Jammer/bin/native/core/ringbuffer.o
                                        0x1c4 (size before relaxing)
 .eh_frame      0x000000000804e6a0        0x0 /home/jovyan/work/CprE537_Jamming_AntiJamming/Jammer/bin/native/core/rmutex.o
                                         0xd8 (size before relaxing)
 .eh_frame      0x000000000804e6a0       0xc4 /home/jovyan/work/CprE537_Jamming_AntiJamming/Jammer/bin/native/core/sched.o
                                         0xf0 (size before relaxing)
 .eh_frame      0x000000000804e764       0xbc /home/jovyan/work/CprE537_Jamming_AntiJamming/Jammer/bin/native/core/thread.o
                                        0x258 (size before relaxing)
 .eh_frame      0x000000000804e820       0x44 /home/jovyan/work/CprE537_Jamming_AntiJamming/Jammer/bin/native/cpu/async_read.o
                                        0x2ac (size before relaxing)
 .eh_frame      0x000000000804e864      0x498 /home/jovyan/work/CprE537_Jamming_AntiJamming/Jammer/bin/native/cpu/irq_cpu.o
                                        0x6c4 (size before relaxing)
 .eh_frame      0x000000000804ecfc      0x1d8 /home/jovyan/work/CprE537_Jamming_AntiJamming/Jammer/bin/native/cpu/native_cpu.o
                                        0x254 (size before relaxing)
 .eh_frame      0x000000000804eed4        0x0 /home/jovyan/work/CprE537_Jamming_AntiJamming/Jammer/bin/native/cpu/panic.o
                                         0x2c (size before relaxing)
 .eh_frame      0x000000000804eed4      0x2bc /home/jovyan/work/CprE537_Jamming_AntiJamming/Jammer/bin/native/cpu/startup.o
                                        0x2fc (size before relaxing)
 .eh_frame      0x000000000804f190      0x824 /home/jovyan/work/CprE537_Jamming_AntiJamming/Jammer/bin/native/cpu/syscalls.o
                                        0x8d4 (size before relaxing)
 .eh_frame      0x000000000804f9b4       0xb8 /home/jovyan/work/CprE537_Jamming_AntiJamming/Jammer/bin/native/frac/frac.o
                                         0xe4 (size before relaxing)
 .eh_frame      0x000000000804fa6c       0x48 /home/jovyan/work/CprE537_Jamming_AntiJamming/Jammer/bin/native/native_drivers/native-led.o
                                        0x104 (size before relaxing)
 .eh_frame      0x000000000804fab4        0x0 /home/jovyan/work/CprE537_Jamming_AntiJamming/Jammer/bin/native/periph_common/gpio.o
                                         0x7c (size before relaxing)
 .eh_frame      0x000000000804fab4       0x14 /home/jovyan/work/CprE537_Jamming_AntiJamming/Jammer/bin/native/periph_common/init.o
                                         0x2c (size before relaxing)
 .eh_frame      0x000000000804fac8      0x110 /home/jovyan/work/CprE537_Jamming_AntiJamming/Jammer/bin/native/periph/gpio_linux.o
                                        0x294 (size before relaxing)
 .eh_frame      0x000000000804fbd8       0xa0 /home/jovyan/work/CprE537_Jamming_AntiJamming/Jammer/bin/native/periph/pm.o
                                         0xfc (size before relaxing)
 .eh_frame      0x000000000804fc78      0x160 /home/jovyan/work/CprE537_Jamming_AntiJamming/Jammer/bin/native/periph/timer.o
                                        0x248 (size before relaxing)
 .eh_frame      0x000000000804fdd8       0x30 /home/jovyan/work/CprE537_Jamming_AntiJamming/Jammer/bin/native/periph/uart.o
                                        0x194 (size before relaxing)
 .eh_frame      0x000000000804fe08       0x54 /home/jovyan/work/CprE537_Jamming_AntiJamming/Jammer/bin/native/stdio_native/stdio_native.o
                                         0x80 (size before relaxing)
 .eh_frame      0x000000000804fe5c      0x110 /home/jovyan/work/CprE537_Jamming_AntiJamming/Jammer/bin/native/ztimer_core/convert_frac.o
                                        0x164 (size before relaxing)
 .eh_frame      0x000000000804ff6c       0x28 /home/jovyan/work/CprE537_Jamming_AntiJamming/Jammer/bin/native/ztimer_core/convert.o
                                         0x80 (size before relaxing)
 .eh_frame      0x000000000804ff94        0x0 /home/jovyan/work/CprE537_Jamming_AntiJamming/Jammer/bin/native/ztimer_core/convert_shift.o
                                        0x114 (size before relaxing)
 .eh_frame      0x000000000804ff94      0x294 /home/jovyan/work/CprE537_Jamming_AntiJamming/Jammer/bin/native/ztimer_core/core.o
                                        0x30c (size before relaxing)
 .eh_frame      0x0000000008050228       0x44 /home/jovyan/work/CprE537_Jamming_AntiJamming/Jammer/bin/native/ztimer_core/init.o
                                         0x70 (size before relaxing)
 .eh_frame      0x000000000805026c        0x0 /home/jovyan/work/CprE537_Jamming_AntiJamming/Jammer/bin/native/ztimer_core/periodic.o
                                        0x138 (size before relaxing)
 .eh_frame      0x000000000805026c       0xfc /home/jovyan/work/CprE537_Jamming_AntiJamming/Jammer/bin/native/ztimer_core/periph_timer.o
                                        0x128 (size before relaxing)
 .eh_frame      0x0000000008050368       0x60 /home/jovyan/work/CprE537_Jamming_AntiJamming/Jammer/bin/native/ztimer_core/util.o
                                        0x2f0 (size before relaxing)
 .eh_frame      0x00000000080503c8       0x60 /usr/lib32/libc_nonshared.a(elf-init.oS)
                                         0x8c (size before relaxing)
 .eh_frame      0x0000000008050428       0x1c /usr/lib32/libc_nonshared.a(stack_chk_fail_local.oS)
                                         0x48 (size before relaxing)
 .eh_frame      0x0000000008050444        0x4 /usr/lib/gcc/x86_64-linux-gnu/9/32/crtend.o
 *(.eh_frame.*)

.gcc_except_table
 *(.gcc_except_table .gcc_except_table.*)

.gnu_extab
 *(.gnu_extab*)

.exception_ranges
 *(.exception_ranges*)
                0x0000000008051eec                . = DATA_SEGMENT_ALIGN (CONSTANT (MAXPAGESIZE), CONSTANT (COMMONPAGESIZE))

.eh_frame
 *(.eh_frame)
 *(.eh_frame.*)

.gnu_extab
 *(.gnu_extab)

.gcc_except_table
 *(.gcc_except_table .gcc_except_table.*)

.exception_ranges
 *(.exception_ranges*)

.tdata          0x0000000008051eec        0x0
                [!provide]                        PROVIDE (__tdata_start = .)
 *(.tdata .tdata.* .gnu.linkonce.td.*)

.tbss
 *(.tbss .tbss.* .gnu.linkonce.tb.*)
 *(.tcommon)

.preinit_array  0x0000000008051eec        0x0
                [!provide]                        PROVIDE (__preinit_array_start = .)
 *(.preinit_array)
                [!provide]                        PROVIDE (__preinit_array_end = .)

.init_array     0x0000000008051eec        0x8
                0x0000000008051eec                PROVIDE (__init_array_start = .)
 *(SORT_BY_INIT_PRIORITY(.init_array.*) SORT_BY_INIT_PRIORITY(.ctors.*))
 *(.init_array EXCLUDE_FILE(*crtend?.o *crtend.o *crtbegin?.o *crtbegin.o) .ctors)
 .init_array    0x0000000008051eec        0x4 /usr/lib/gcc/x86_64-linux-gnu/9/32/crtbegin.o
 .init_array    0x0000000008051ef0        0x4 /home/jovyan/work/CprE537_Jamming_AntiJamming/Jammer/bin/native/cpu/startup.o
                0x0000000008051ef4                PROVIDE (__init_array_end = .)

.fini_array     0x0000000008051ef4        0x4
                [!provide]                        PROVIDE (__fini_array_start = .)
 *(SORT_BY_INIT_PRIORITY(.fini_array.*) SORT_BY_INIT_PRIORITY(.dtors.*))
 *(.fini_array EXCLUDE_FILE(*crtend?.o *crtend.o *crtbegin?.o *crtbegin.o) .dtors)
 .fini_array    0x0000000008051ef4        0x4 /usr/lib/gcc/x86_64-linux-gnu/9/32/crtbegin.o
                [!provide]                        PROVIDE (__fini_array_end = .)

.ctors
 *crtbegin.o(.ctors)
 *crtbegin?.o(.ctors)
 *(EXCLUDE_FILE(*crtend?.o *crtend.o) .ctors)
 *(SORT_BY_NAME(.ctors.*))
 *(.ctors)

.dtors
 *crtbegin.o(.dtors)
 *crtbegin?.o(.dtors)
 *(EXCLUDE_FILE(*crtend?.o *crtend.o) .dtors)
 *(SORT_BY_NAME(.dtors.*))
 *(.dtors)

.jcr
 *(.jcr)

.data.rel.ro
 *(.data.rel.ro.local* .gnu.linkonce.d.rel.ro.local.*)
 *(.data.rel.ro .data.rel.ro.* .gnu.linkonce.d.rel.ro.*)

.dynamic        0x0000000008051ef8       0xf0
 *(.dynamic)
 .dynamic       0x0000000008051ef8       0xf0 /usr/lib/gcc/x86_64-linux-gnu/9/../../../../lib32/crt1.o
                0x0000000008051ef8                _DYNAMIC

.got            0x0000000008051fe8       0x18
 *(.got)
 .got           0x0000000008051fe8       0x18 /usr/lib/gcc/x86_64-linux-gnu/9/../../../../lib32/crt1.o
 *(.igot)
                0x0000000008052ff4                . = DATA_SEGMENT_RELRO_END (., (SIZEOF (.got.plt) >= 0xc)?0xc:0x0)

.got.plt        0x0000000008052000       0x6c
 *(.got.plt)
 .got.plt       0x0000000008052000       0x6c /usr/lib/gcc/x86_64-linux-gnu/9/../../../../lib32/crt1.o
                0x0000000008052000                _GLOBAL_OFFSET_TABLE_
 *(.igot.plt)
 .igot.plt      0x000000000805206c        0x0 /usr/lib/gcc/x86_64-linux-gnu/9/../../../../lib32/crt1.o

.data1
 *(.data1)
                0x000000000805206c                _edata = .
                [!provide]                        PROVIDE (edata = .)
                0x000000000805206c                . = .
                0x000000000805206c                __bss_start = .

.bss            0x0000000008052080     0xbb28
 *(.dynbss)
 .dynbss        0x0000000008052080        0x0 /usr/lib/gcc/x86_64-linux-gnu/9/../../../../lib32/crt1.o
 *(.bss .bss.* .gnu.linkonce.b.*)
 .bss           0x0000000008052080        0x1 /usr/lib/gcc/x86_64-linux-gnu/9/32/crtbegin.o
 *fill*         0x0000000008052081       0x1f 
 .bss.idle_stack
                0x00000000080520a0     0x2000 /home/jovyan/work/CprE537_Jamming_AntiJamming/Jammer/bin/native/core/init.o
 .bss.main_stack
                0x00000000080540a0     0x3000 /home/jovyan/work/CprE537_Jamming_AntiJamming/Jammer/bin/native/core/init.o
 .bss.runqueue_bitcache
                0x00000000080570a0        0x4 /home/jovyan/work/CprE537_Jamming_AntiJamming/Jammer/bin/native/core/sched.o
 *fill*         0x00000000080570a4       0x1c 
 .bss.sched_runqueues
                0x00000000080570c0       0x40 /home/jovyan/work/CprE537_Jamming_AntiJamming/Jammer/bin/native/core/sched.o
                0x00000000080570c0                sched_runqueues
 .bss.sched_context_switch_request
                0x0000000008057100        0x4 /home/jovyan/work/CprE537_Jamming_AntiJamming/Jammer/bin/native/core/sched.o
                0x0000000008057100                sched_context_switch_request
 .bss.sched_active_thread
                0x0000000008057104        0x4 /home/jovyan/work/CprE537_Jamming_AntiJamming/Jammer/bin/native/core/sched.o
                0x0000000008057104                sched_active_thread
 .bss.sched_num_threads
                0x0000000008057108        0x4 /home/jovyan/work/CprE537_Jamming_AntiJamming/Jammer/bin/native/core/sched.o
                0x0000000008057108                sched_num_threads
 *fill*         0x000000000805710c       0x14 
 .bss.sched_threads
                0x0000000008057120       0x84 /home/jovyan/work/CprE537_Jamming_AntiJamming/Jammer/bin/native/core/sched.o
                0x0000000008057120                sched_threads
 .bss.sched_active_pid
                0x00000000080571a4        0x2 /home/jovyan/work/CprE537_Jamming_AntiJamming/Jammer/bin/native/core/sched.o
                0x00000000080571a4                sched_active_pid
 *fill*         0x00000000080571a6       0x1a 
 .bss.pollers   0x00000000080571c0       0x20 /home/jovyan/work/CprE537_Jamming_AntiJamming/Jammer/bin/native/cpu/async_read.o
 .bss._fds      0x00000000080571e0       0x10 /home/jovyan/work/CprE537_Jamming_AntiJamming/Jammer/bin/native/cpu/async_read.o
 .bss._next_index
                0x00000000080571f0        0x4 /home/jovyan/work/CprE537_Jamming_AntiJamming/Jammer/bin/native/cpu/async_read.o
 .bss.sigstk.5475
                0x00000000080571f4        0xc /home/jovyan/work/CprE537_Jamming_AntiJamming/Jammer/bin/native/cpu/irq_cpu.o
 .bss.sigalt_stk
                0x0000000008057200     0x2000 /home/jovyan/work/CprE537_Jamming_AntiJamming/Jammer/bin/native/cpu/irq_cpu.o
                0x0000000008057200                sigalt_stk
 .bss.native_irq_handlers
                0x0000000008059200      0x3fc /home/jovyan/work/CprE537_Jamming_AntiJamming/Jammer/bin/native/cpu/irq_cpu.o
 .bss._sig_pipefd
                0x00000000080595fc        0x8 /home/jovyan/work/CprE537_Jamming_AntiJamming/Jammer/bin/native/cpu/irq_cpu.o
                0x00000000080595fc                _sig_pipefd
 .bss._native_sigpend
                0x0000000008059604        0x4 /home/jovyan/work/CprE537_Jamming_AntiJamming/Jammer/bin/native/cpu/irq_cpu.o
                0x0000000008059604                _native_sigpend
 .bss._native_saved_eip
                0x0000000008059608        0x4 /home/jovyan/work/CprE537_Jamming_AntiJamming/Jammer/bin/native/cpu/irq_cpu.o
                0x0000000008059608                _native_saved_eip
 .bss._native_isr_ctx
                0x000000000805960c        0x4 /home/jovyan/work/CprE537_Jamming_AntiJamming/Jammer/bin/native/cpu/irq_cpu.o
                0x000000000805960c                _native_isr_ctx
 .bss._native_cur_ctx
                0x0000000008059610        0x4 /home/jovyan/work/CprE537_Jamming_AntiJamming/Jammer/bin/native/cpu/irq_cpu.o
                0x0000000008059610                _native_cur_ctx
 *fill*         0x0000000008059614        0xc 
 .bss.native_isr_context
                0x0000000008059620      0x16c /home/jovyan/work/CprE537_Jamming_AntiJamming/Jammer/bin/native/cpu/irq_cpu.o
                0x0000000008059620                native_isr_context
 *fill*         0x000000000805978c       0x14 
 .bss.__isr_stack
                0x00000000080597a0     0x2000 /home/jovyan/work/CprE537_Jamming_AntiJamming/Jammer/bin/native/cpu/irq_cpu.o
                0x00000000080597a0                __isr_stack
 .bss._native_sig_set_dint
                0x000000000805b7a0       0x80 /home/jovyan/work/CprE537_Jamming_AntiJamming/Jammer/bin/native/cpu/irq_cpu.o
 .bss._native_sig_set
                0x000000000805b820       0x80 /home/jovyan/work/CprE537_Jamming_AntiJamming/Jammer/bin/native/cpu/irq_cpu.o
 .bss._native_in_syscall
                0x000000000805b8a0        0x4 /home/jovyan/work/CprE537_Jamming_AntiJamming/Jammer/bin/native/cpu/irq_cpu.o
                0x000000000805b8a0                _native_in_syscall
 .bss._native_in_isr
                0x000000000805b8a4        0x4 /home/jovyan/work/CprE537_Jamming_AntiJamming/Jammer/bin/native/cpu/irq_cpu.o
                0x000000000805b8a4                _native_in_isr
 .bss.native_interrupts_enabled
                0x000000000805b8a8        0x4 /home/jovyan/work/CprE537_Jamming_AntiJamming/Jammer/bin/native/cpu/irq_cpu.o
                0x000000000805b8a8                native_interrupts_enabled
 *fill*         0x000000000805b8ac       0x14 
 .bss.__end_stack
                0x000000000805b8c0     0x2000 /home/jovyan/work/CprE537_Jamming_AntiJamming/Jammer/bin/native/cpu/native_cpu.o
                0x000000000805b8c0                __end_stack
 .bss.end_context
                0x000000000805d8c0      0x16c /home/jovyan/work/CprE537_Jamming_AntiJamming/Jammer/bin/native/cpu/native_cpu.o
                0x000000000805d8c0                end_context
 .bss._native_rng_mode
                0x000000000805da2c        0x4 /home/jovyan/work/CprE537_Jamming_AntiJamming/Jammer/bin/native/cpu/startup.o
                0x000000000805da2c                _native_rng_mode
 .bss._native_rng_seed
                0x000000000805da30        0x4 /home/jovyan/work/CprE537_Jamming_AntiJamming/Jammer/bin/native/cpu/startup.o
                0x000000000805da30                _native_rng_seed
 .bss._native_id
                0x000000000805da34        0x4 /home/jovyan/work/CprE537_Jamming_AntiJamming/Jammer/bin/native/cpu/startup.o
                0x000000000805da34                _native_id
 .bss._native_pid
                0x000000000805da38        0x4 /home/jovyan/work/CprE537_Jamming_AntiJamming/Jammer/bin/native/cpu/startup.o
                0x000000000805da38                _native_pid
 .bss._native_argv
                0x000000000805da3c        0x4 /home/jovyan/work/CprE537_Jamming_AntiJamming/Jammer/bin/native/cpu/startup.o
                0x000000000805da3c                _native_argv
 .bss._progname
                0x000000000805da40        0x4 /home/jovyan/work/CprE537_Jamming_AntiJamming/Jammer/bin/native/cpu/startup.o
                0x000000000805da40                _progname
 .bss._native_null_out_file
                0x000000000805da44        0x4 /home/jovyan/work/CprE537_Jamming_AntiJamming/Jammer/bin/native/cpu/startup.o
                0x000000000805da44                _native_null_out_file
 .bss._native_null_in_pipe
                0x000000000805da48        0x8 /home/jovyan/work/CprE537_Jamming_AntiJamming/Jammer/bin/native/cpu/startup.o
                0x000000000805da48                _native_null_in_pipe
 .bss._native_in_calloc
                0x000000000805da50        0x4 /home/jovyan/work/CprE537_Jamming_AntiJamming/Jammer/bin/native/cpu/syscalls.o
                0x000000000805da50                _native_in_calloc
 .bss._native_in_malloc
                0x000000000805da54        0x4 /home/jovyan/work/CprE537_Jamming_AntiJamming/Jammer/bin/native/cpu/syscalls.o
                0x000000000805da54                _native_in_malloc
 .bss.real_clock_gettime
                0x000000000805da58        0x4 /home/jovyan/work/CprE537_Jamming_AntiJamming/Jammer/bin/native/cpu/syscalls.o
                0x000000000805da58                real_clock_gettime
 .bss.real_send
                0x000000000805da5c        0x4 /home/jovyan/work/CprE537_Jamming_AntiJamming/Jammer/bin/native/cpu/syscalls.o
                0x000000000805da5c                real_send
 .bss.real_writev
                0x000000000805da60        0x4 /home/jovyan/work/CprE537_Jamming_AntiJamming/Jammer/bin/native/cpu/syscalls.o
                0x000000000805da60                real_writev
 .bss.real_umask
                0x000000000805da64        0x4 /home/jovyan/work/CprE537_Jamming_AntiJamming/Jammer/bin/native/cpu/syscalls.o
                0x000000000805da64                real_umask
 .bss.real_fgetc
                0x000000000805da68        0x4 /home/jovyan/work/CprE537_Jamming_AntiJamming/Jammer/bin/native/cpu/syscalls.o
                0x000000000805da68                real_fgetc
 .bss.real_fputc
                0x000000000805da6c        0x4 /home/jovyan/work/CprE537_Jamming_AntiJamming/Jammer/bin/native/cpu/syscalls.o
                0x000000000805da6c                real_fputc
 .bss.real_fseek
                0x000000000805da70        0x4 /home/jovyan/work/CprE537_Jamming_AntiJamming/Jammer/bin/native/cpu/syscalls.o
                0x000000000805da70                real_fseek
 .bss.real_fclose
                0x000000000805da74        0x4 /home/jovyan/work/CprE537_Jamming_AntiJamming/Jammer/bin/native/cpu/syscalls.o
                0x000000000805da74                real_fclose
 .bss.real_fopen
                0x000000000805da78        0x4 /home/jovyan/work/CprE537_Jamming_AntiJamming/Jammer/bin/native/cpu/syscalls.o
                0x000000000805da78                real_fopen
 .bss.real_gai_strerror
                0x000000000805da7c        0x4 /home/jovyan/work/CprE537_Jamming_AntiJamming/Jammer/bin/native/cpu/syscalls.o
                0x000000000805da7c                real_gai_strerror
 .bss.real_random
                0x000000000805da80        0x4 /home/jovyan/work/CprE537_Jamming_AntiJamming/Jammer/bin/native/cpu/syscalls.o
                0x000000000805da80                real_random
 .bss.real_unlink
                0x000000000805da84        0x4 /home/jovyan/work/CprE537_Jamming_AntiJamming/Jammer/bin/native/cpu/syscalls.o
                0x000000000805da84                real_unlink
 .bss.real_socket
                0x000000000805da88        0x4 /home/jovyan/work/CprE537_Jamming_AntiJamming/Jammer/bin/native/cpu/syscalls.o
                0x000000000805da88                real_socket
 .bss.real_setsockopt
                0x000000000805da8c        0x4 /home/jovyan/work/CprE537_Jamming_AntiJamming/Jammer/bin/native/cpu/syscalls.o
                0x000000000805da8c                real_setsockopt
 .bss.real_setsid
                0x000000000805da90        0x4 /home/jovyan/work/CprE537_Jamming_AntiJamming/Jammer/bin/native/cpu/syscalls.o
                0x000000000805da90                real_setsid
 .bss.real_setitimer
                0x000000000805da94        0x4 /home/jovyan/work/CprE537_Jamming_AntiJamming/Jammer/bin/native/cpu/syscalls.o
                0x000000000805da94                real_setitimer
 .bss.real_poll
                0x000000000805da98        0x4 /home/jovyan/work/CprE537_Jamming_AntiJamming/Jammer/bin/native/cpu/syscalls.o
                0x000000000805da98                real_poll
 .bss.real_select
                0x000000000805da9c        0x4 /home/jovyan/work/CprE537_Jamming_AntiJamming/Jammer/bin/native/cpu/syscalls.o
                0x000000000805da9c                real_select
 .bss.real_pipe
                0x000000000805daa0        0x4 /home/jovyan/work/CprE537_Jamming_AntiJamming/Jammer/bin/native/cpu/syscalls.o
                0x000000000805daa0                real_pipe
 .bss.real_pause
                0x000000000805daa4        0x4 /home/jovyan/work/CprE537_Jamming_AntiJamming/Jammer/bin/native/cpu/syscalls.o
                0x000000000805daa4                real_pause
 .bss.real_open
                0x000000000805daa8        0x4 /home/jovyan/work/CprE537_Jamming_AntiJamming/Jammer/bin/native/cpu/syscalls.o
                0x000000000805daa8                real_open
 .bss.real_ioctl
                0x000000000805daac        0x4 /home/jovyan/work/CprE537_Jamming_AntiJamming/Jammer/bin/native/cpu/syscalls.o
                0x000000000805daac                real_ioctl
 .bss.real_listen
                0x000000000805dab0        0x4 /home/jovyan/work/CprE537_Jamming_AntiJamming/Jammer/bin/native/cpu/syscalls.o
                0x000000000805dab0                real_listen
 .bss.real_ferror
                0x000000000805dab4        0x4 /home/jovyan/work/CprE537_Jamming_AntiJamming/Jammer/bin/native/cpu/syscalls.o
                0x000000000805dab4                real_ferror
 .bss.real_feof
                0x000000000805dab8        0x4 /home/jovyan/work/CprE537_Jamming_AntiJamming/Jammer/bin/native/cpu/syscalls.o
                0x000000000805dab8                real_feof
 .bss.real_fork
                0x000000000805dabc        0x4 /home/jovyan/work/CprE537_Jamming_AntiJamming/Jammer/bin/native/cpu/syscalls.o
                0x000000000805dabc                real_fork
 .bss.real_execve
                0x000000000805dac0        0x4 /home/jovyan/work/CprE537_Jamming_AntiJamming/Jammer/bin/native/cpu/syscalls.o
                0x000000000805dac0                real_execve
 .bss.real_dup2
                0x000000000805dac4        0x4 /home/jovyan/work/CprE537_Jamming_AntiJamming/Jammer/bin/native/cpu/syscalls.o
                0x000000000805dac4                real_dup2
 .bss.real_creat
                0x000000000805dac8        0x4 /home/jovyan/work/CprE537_Jamming_AntiJamming/Jammer/bin/native/cpu/syscalls.o
                0x000000000805dac8                real_creat
 .bss.real_fcntl
                0x000000000805dacc        0x4 /home/jovyan/work/CprE537_Jamming_AntiJamming/Jammer/bin/native/cpu/syscalls.o
                0x000000000805dacc                real_fcntl
 .bss.real_close
                0x000000000805dad0        0x4 /home/jovyan/work/CprE537_Jamming_AntiJamming/Jammer/bin/native/cpu/syscalls.o
                0x000000000805dad0                real_close
 .bss.real_chdir
                0x000000000805dad4        0x4 /home/jovyan/work/CprE537_Jamming_AntiJamming/Jammer/bin/native/cpu/syscalls.o
                0x000000000805dad4                real_chdir
 .bss.real_getpid
                0x000000000805dad8        0x4 /home/jovyan/work/CprE537_Jamming_AntiJamming/Jammer/bin/native/cpu/syscalls.o
                0x000000000805dad8                real_getpid
 .bss.real_gettimeofday
                0x000000000805dadc        0x4 /home/jovyan/work/CprE537_Jamming_AntiJamming/Jammer/bin/native/cpu/syscalls.o
                0x000000000805dadc                real_gettimeofday
 .bss.real_getifaddrs
                0x000000000805dae0        0x4 /home/jovyan/work/CprE537_Jamming_AntiJamming/Jammer/bin/native/cpu/syscalls.o
                0x000000000805dae0                real_getifaddrs
 .bss.real_getaddrinfo
                0x000000000805dae4        0x4 /home/jovyan/work/CprE537_Jamming_AntiJamming/Jammer/bin/native/cpu/syscalls.o
                0x000000000805dae4                real_getaddrinfo
 .bss.real_printf
                0x000000000805dae8        0x4 /home/jovyan/work/CprE537_Jamming_AntiJamming/Jammer/bin/native/cpu/syscalls.o
                0x000000000805dae8                real_printf
 .bss.real_connect
                0x000000000805daec        0x4 /home/jovyan/work/CprE537_Jamming_AntiJamming/Jammer/bin/native/cpu/syscalls.o
                0x000000000805daec                real_connect
 .bss.real_bind
                0x000000000805daf0        0x4 /home/jovyan/work/CprE537_Jamming_AntiJamming/Jammer/bin/native/cpu/syscalls.o
                0x000000000805daf0                real_bind
 .bss.real_accept
                0x000000000805daf4        0x4 /home/jovyan/work/CprE537_Jamming_AntiJamming/Jammer/bin/native/cpu/syscalls.o
                0x000000000805daf4                real_accept
 .bss.real_srandom
                0x000000000805daf8        0x4 /home/jovyan/work/CprE537_Jamming_AntiJamming/Jammer/bin/native/cpu/syscalls.o
                0x000000000805daf8                real_srandom
 .bss.real_freeifaddrs
                0x000000000805dafc        0x4 /home/jovyan/work/CprE537_Jamming_AntiJamming/Jammer/bin/native/cpu/syscalls.o
                0x000000000805dafc                real_freeifaddrs
 .bss.real_freeaddrinfo
                0x000000000805db00        0x4 /home/jovyan/work/CprE537_Jamming_AntiJamming/Jammer/bin/native/cpu/syscalls.o
                0x000000000805db00                real_freeaddrinfo
 .bss.real_realloc
                0x000000000805db04        0x4 /home/jovyan/work/CprE537_Jamming_AntiJamming/Jammer/bin/native/cpu/syscalls.o
                0x000000000805db04                real_realloc
 .bss.real_calloc
                0x000000000805db08        0x4 /home/jovyan/work/CprE537_Jamming_AntiJamming/Jammer/bin/native/cpu/syscalls.o
                0x000000000805db08                real_calloc
 .bss.real_malloc
                0x000000000805db0c        0x4 /home/jovyan/work/CprE537_Jamming_AntiJamming/Jammer/bin/native/cpu/syscalls.o
                0x000000000805db0c                real_malloc
 .bss.real_free
                0x000000000805db10        0x4 /home/jovyan/work/CprE537_Jamming_AntiJamming/Jammer/bin/native/cpu/syscalls.o
                0x000000000805db10                real_free
 .bss.real_exit
                0x000000000805db14        0x4 /home/jovyan/work/CprE537_Jamming_AntiJamming/Jammer/bin/native/cpu/syscalls.o
                0x000000000805db14                real_exit
 .bss.real_clearerr
                0x000000000805db18        0x4 /home/jovyan/work/CprE537_Jamming_AntiJamming/Jammer/bin/native/cpu/syscalls.o
                0x000000000805db18                real_clearerr
 .bss.real_fread
                0x000000000805db1c        0x4 /home/jovyan/work/CprE537_Jamming_AntiJamming/Jammer/bin/native/cpu/syscalls.o
                0x000000000805db1c                real_fread
 .bss.real_write
                0x000000000805db20        0x4 /home/jovyan/work/CprE537_Jamming_AntiJamming/Jammer/bin/native/cpu/syscalls.o
                0x000000000805db20                real_write
 .bss.real_read
                0x000000000805db24        0x4 /home/jovyan/work/CprE537_Jamming_AntiJamming/Jammer/bin/native/cpu/syscalls.o
                0x000000000805db24                real_read
 .bss.port_numof
                0x000000000805db28        0x4 /home/jovyan/work/CprE537_Jamming_AntiJamming/Jammer/bin/native/periph/gpio_linux.o
 .bss.ports     0x000000000805db2c        0x4 /home/jovyan/work/CprE537_Jamming_AntiJamming/Jammer/bin/native/periph/gpio_linux.o
 .bss.itv       0x000000000805db30       0x10 /home/jovyan/work/CprE537_Jamming_AntiJamming/Jammer/bin/native/periph/timer.o
 .bss._cb_arg   0x000000000805db40        0x4 /home/jovyan/work/CprE537_Jamming_AntiJamming/Jammer/bin/native/periph/timer.o
 .bss._callback
                0x000000000805db44        0x4 /home/jovyan/work/CprE537_Jamming_AntiJamming/Jammer/bin/native/periph/timer.o
 .bss.time_null
                0x000000000805db48        0x4 /home/jovyan/work/CprE537_Jamming_AntiJamming/Jammer/bin/native/periph/timer.o
 .bss.tty_device_filenames
                0x000000000805db4c        0x4 /home/jovyan/work/CprE537_Jamming_AntiJamming/Jammer/bin/native/periph/uart.o
 *fill*         0x000000000805db50       0x10 
 .bss._ztimer_convert_frac_sec
                0x000000000805db60       0x48 /home/jovyan/work/CprE537_Jamming_AntiJamming/Jammer/bin/native/ztimer_core/init.o
 *(COMMON)
                0x000000000805dba8                . = ALIGN ((. != 0x0)?0x4:0x1)
                0x000000000805dba8                . = ALIGN (0x4)
                0x000000000805dba8                . = SEGMENT_START ("ldata-segment", .)
                0x000000000805dba8                . = ALIGN (0x4)
                0x000000000805dba8                _end = .
                [!provide]                        PROVIDE (end = .)
                0x000000000805dba8                . = DATA_SEGMENT_END (.)

.stab
 *(.stab)

.stabstr
 *(.stabstr)

.stab.excl
 *(.stab.excl)

.stab.exclstr
 *(.stab.exclstr)

.stab.index
 *(.stab.index)

.stab.indexstr
 *(.stab.indexstr)

.comment        0x0000000000000000       0x2a
 *(.comment)
 .comment       0x0000000000000000       0x2a /usr/lib/gcc/x86_64-linux-gnu/9/32/crtbegin.o
                                         0x2b (size before relaxing)
 .comment       0x000000000000002a       0x2b /home/jovyan/work/CprE537_Jamming_AntiJamming/Jammer/bin/native/application_hello-world/main.o
 .comment       0x000000000000002a       0x2b /home/jovyan/work/CprE537_Jamming_AntiJamming/Jammer/bin/native/auto_init/auto_init.o
 .comment       0x000000000000002a       0x2b /home/jovyan/work/CprE537_Jamming_AntiJamming/Jammer/bin/native/board/board_init.o
 .comment       0x000000000000002a       0x2b /home/jovyan/work/CprE537_Jamming_AntiJamming/Jammer/bin/native/core/assert.o
 .comment       0x000000000000002a       0x2b /home/jovyan/work/CprE537_Jamming_AntiJamming/Jammer/bin/native/core/atomic_c11.o
 .comment       0x000000000000002a       0x2b /home/jovyan/work/CprE537_Jamming_AntiJamming/Jammer/bin/native/core/bitarithm.o
 .comment       0x000000000000002a       0x2b /home/jovyan/work/CprE537_Jamming_AntiJamming/Jammer/bin/native/core/clist.o
 .comment       0x000000000000002a       0x2b /home/jovyan/work/CprE537_Jamming_AntiJamming/Jammer/bin/native/core/cond.o
 .comment       0x000000000000002a       0x2b /home/jovyan/work/CprE537_Jamming_AntiJamming/Jammer/bin/native/core/init.o
 .comment       0x000000000000002a       0x2b /home/jovyan/work/CprE537_Jamming_AntiJamming/Jammer/bin/native/core/msg.o
 .comment       0x000000000000002a       0x2b /home/jovyan/work/CprE537_Jamming_AntiJamming/Jammer/bin/native/core/mutex.o
 .comment       0x000000000000002a       0x2b /home/jovyan/work/CprE537_Jamming_AntiJamming/Jammer/bin/native/core/panic.o
 .comment       0x000000000000002a       0x2b /home/jovyan/work/CprE537_Jamming_AntiJamming/Jammer/bin/native/core/priority_queue.o
 .comment       0x000000000000002a       0x2b /home/jovyan/work/CprE537_Jamming_AntiJamming/Jammer/bin/native/core/ringbuffer.o
 .comment       0x000000000000002a       0x2b /home/jovyan/work/CprE537_Jamming_AntiJamming/Jammer/bin/native/core/rmutex.o
 .comment       0x000000000000002a       0x2b /home/jovyan/work/CprE537_Jamming_AntiJamming/Jammer/bin/native/core/sched.o
 .comment       0x000000000000002a       0x2b /home/jovyan/work/CprE537_Jamming_AntiJamming/Jammer/bin/native/core/thread.o
 .comment       0x000000000000002a       0x2b /home/jovyan/work/CprE537_Jamming_AntiJamming/Jammer/bin/native/cpu/async_read.o
 .comment       0x000000000000002a       0x2b /home/jovyan/work/CprE537_Jamming_AntiJamming/Jammer/bin/native/cpu/irq_cpu.o
 .comment       0x000000000000002a       0x2b /home/jovyan/work/CprE537_Jamming_AntiJamming/Jammer/bin/native/cpu/native_cpu.o
 .comment       0x000000000000002a       0x2b /home/jovyan/work/CprE537_Jamming_AntiJamming/Jammer/bin/native/cpu/panic.o
 .comment       0x000000000000002a       0x2b /home/jovyan/work/CprE537_Jamming_AntiJamming/Jammer/bin/native/cpu/startup.o
 .comment       0x000000000000002a       0x2b /home/jovyan/work/CprE537_Jamming_AntiJamming/Jammer/bin/native/cpu/syscalls.o
 .comment       0x000000000000002a       0x2b /home/jovyan/work/CprE537_Jamming_AntiJamming/Jammer/bin/native/frac/frac.o
 .comment       0x000000000000002a       0x2b /home/jovyan/work/CprE537_Jamming_AntiJamming/Jammer/bin/native/native_drivers/native-led.o
 .comment       0x000000000000002a       0x2b /home/jovyan/work/CprE537_Jamming_AntiJamming/Jammer/bin/native/periph_common/gpio.o
 .comment       0x000000000000002a       0x2b /home/jovyan/work/CprE537_Jamming_AntiJamming/Jammer/bin/native/periph_common/init.o
 .comment       0x000000000000002a       0x2b /home/jovyan/work/CprE537_Jamming_AntiJamming/Jammer/bin/native/periph/gpio_linux.o
 .comment       0x000000000000002a       0x2b /home/jovyan/work/CprE537_Jamming_AntiJamming/Jammer/bin/native/periph/pm.o
 .comment       0x000000000000002a       0x2b /home/jovyan/work/CprE537_Jamming_AntiJamming/Jammer/bin/native/periph/timer.o
 .comment       0x000000000000002a       0x2b /home/jovyan/work/CprE537_Jamming_AntiJamming/Jammer/bin/native/periph/uart.o
 .comment       0x000000000000002a       0x2b /home/jovyan/work/CprE537_Jamming_AntiJamming/Jammer/bin/native/stdio_native/stdio_native.o
 .comment       0x000000000000002a       0x2b /home/jovyan/work/CprE537_Jamming_AntiJamming/Jammer/bin/native/ztimer_core/convert_frac.o
 .comment       0x000000000000002a       0x2b /home/jovyan/work/CprE537_Jamming_AntiJamming/Jammer/bin/native/ztimer_core/convert.o
 .comment       0x000000000000002a       0x2b /home/jovyan/work/CprE537_Jamming_AntiJamming/Jammer/bin/native/ztimer_core/convert_shift.o
 .comment       0x000000000000002a       0x2b /home/jovyan/work/CprE537_Jamming_AntiJamming/Jammer/bin/native/ztimer_core/core.o
 .comment       0x000000000000002a       0x2b /home/jovyan/work/CprE537_Jamming_AntiJamming/Jammer/bin/native/ztimer_core/init.o
 .comment       0x000000000000002a       0x2b /home/jovyan/work/CprE537_Jamming_AntiJamming/Jammer/bin/native/ztimer_core/periodic.o
 .comment       0x000000000000002a       0x2b /home/jovyan/work/CprE537_Jamming_AntiJamming/Jammer/bin/native/ztimer_core/periph_timer.o
 .comment       0x000000000000002a       0x2b /home/jovyan/work/CprE537_Jamming_AntiJamming/Jammer/bin/native/ztimer_core/util.o
 .comment       0x000000000000002a       0x2b /usr/lib/gcc/x86_64-linux-gnu/9/32/crtend.o

.gnu.build.attributes
 *(.gnu.build.attributes .gnu.build.attributes.*)

.debug
 *(.debug)

.line
 *(.line)

.debug_srcinfo
 *(.debug_srcinfo)

.debug_sfnames
 *(.debug_sfnames)

.debug_aranges  0x0000000000000000      0xd58
 *(.debug_aranges)
 .debug_aranges
                0x0000000000000000       0x20 /home/jovyan/work/CprE537_Jamming_AntiJamming/Jammer/bin/native/application_hello-world/main.o
 .debug_aranges
                0x0000000000000020       0x20 /home/jovyan/work/CprE537_Jamming_AntiJamming/Jammer/bin/native/auto_init/auto_init.o
 .debug_aranges
                0x0000000000000040       0x20 /home/jovyan/work/CprE537_Jamming_AntiJamming/Jammer/bin/native/board/board_init.o
 .debug_aranges
                0x0000000000000060       0x20 /home/jovyan/work/CprE537_Jamming_AntiJamming/Jammer/bin/native/core/assert.o
 .debug_aranges
                0x0000000000000080      0x240 /home/jovyan/work/CprE537_Jamming_AntiJamming/Jammer/bin/native/core/atomic_c11.o
 .debug_aranges
                0x00000000000002c0       0x28 /home/jovyan/work/CprE537_Jamming_AntiJamming/Jammer/bin/native/core/bitarithm.o
 .debug_aranges
                0x00000000000002e8       0x20 /home/jovyan/work/CprE537_Jamming_AntiJamming/Jammer/bin/native/core/clist.o
 .debug_aranges
                0x0000000000000308       0x40 /home/jovyan/work/CprE537_Jamming_AntiJamming/Jammer/bin/native/core/cond.o
 .debug_aranges
                0x0000000000000348       0x30 /home/jovyan/work/CprE537_Jamming_AntiJamming/Jammer/bin/native/core/init.o
 .debug_aranges
                0x0000000000000378       0xa0 /home/jovyan/work/CprE537_Jamming_AntiJamming/Jammer/bin/native/core/msg.o
 .debug_aranges
                0x0000000000000418       0x48 /home/jovyan/work/CprE537_Jamming_AntiJamming/Jammer/bin/native/core/mutex.o
 .debug_aranges
                0x0000000000000460       0x30 /home/jovyan/work/CprE537_Jamming_AntiJamming/Jammer/bin/native/core/panic.o
 .debug_aranges
                0x0000000000000490       0x30 /home/jovyan/work/CprE537_Jamming_AntiJamming/Jammer/bin/native/core/priority_queue.o
 .debug_aranges
                0x00000000000004c0       0x60 /home/jovyan/work/CprE537_Jamming_AntiJamming/Jammer/bin/native/core/ringbuffer.o
 .debug_aranges
                0x0000000000000520       0x38 /home/jovyan/work/CprE537_Jamming_AntiJamming/Jammer/bin/native/core/rmutex.o
 .debug_aranges
                0x0000000000000558       0x40 /home/jovyan/work/CprE537_Jamming_AntiJamming/Jammer/bin/native/core/sched.o
 .debug_aranges
                0x0000000000000598       0x68 /home/jovyan/work/CprE537_Jamming_AntiJamming/Jammer/bin/native/core/thread.o
 .debug_aranges
                0x0000000000000600       0x58 /home/jovyan/work/CprE537_Jamming_AntiJamming/Jammer/bin/native/cpu/async_read.o
 .debug_aranges
                0x0000000000000658       0xa8 /home/jovyan/work/CprE537_Jamming_AntiJamming/Jammer/bin/native/cpu/irq_cpu.o
 .debug_aranges
                0x0000000000000700       0x60 /home/jovyan/work/CprE537_Jamming_AntiJamming/Jammer/bin/native/cpu/native_cpu.o
 .debug_aranges
                0x0000000000000760       0x20 /home/jovyan/work/CprE537_Jamming_AntiJamming/Jammer/bin/native/cpu/panic.o
 .debug_aranges
                0x0000000000000780       0x50 /home/jovyan/work/CprE537_Jamming_AntiJamming/Jammer/bin/native/cpu/startup.o
 .debug_aranges
                0x00000000000007d0      0x100 /home/jovyan/work/CprE537_Jamming_AntiJamming/Jammer/bin/native/cpu/syscalls.o
 .debug_aranges
                0x00000000000008d0       0x20 /home/jovyan/work/CprE537_Jamming_AntiJamming/Jammer/bin/native/cpu/tramp.o
 .debug_aranges
                0x00000000000008f0       0x30 /home/jovyan/work/CprE537_Jamming_AntiJamming/Jammer/bin/native/frac/frac.o
 .debug_aranges
                0x0000000000000920       0x48 /home/jovyan/work/CprE537_Jamming_AntiJamming/Jammer/bin/native/native_drivers/native-led.o
 .debug_aranges
                0x0000000000000968       0x20 /home/jovyan/work/CprE537_Jamming_AntiJamming/Jammer/bin/native/periph_common/gpio.o
 .debug_aranges
                0x0000000000000988       0x20 /home/jovyan/work/CprE537_Jamming_AntiJamming/Jammer/bin/native/periph_common/init.o
 .debug_aranges
                0x00000000000009a8       0x60 /home/jovyan/work/CprE537_Jamming_AntiJamming/Jammer/bin/native/periph/gpio_linux.o
 .debug_aranges
                0x0000000000000a08       0x40 /home/jovyan/work/CprE537_Jamming_AntiJamming/Jammer/bin/native/periph/pm.o
 .debug_aranges
                0x0000000000000a48       0x70 /home/jovyan/work/CprE537_Jamming_AntiJamming/Jammer/bin/native/periph/timer.o
 .debug_aranges
                0x0000000000000ab8       0x48 /home/jovyan/work/CprE537_Jamming_AntiJamming/Jammer/bin/native/periph/uart.o
 .debug_aranges
                0x0000000000000b00       0x30 /home/jovyan/work/CprE537_Jamming_AntiJamming/Jammer/bin/native/stdio_native/stdio_native.o
 .debug_aranges
                0x0000000000000b30       0x38 /home/jovyan/work/CprE537_Jamming_AntiJamming/Jammer/bin/native/ztimer_core/convert_frac.o
 .debug_aranges
                0x0000000000000b68       0x28 /home/jovyan/work/CprE537_Jamming_AntiJamming/Jammer/bin/native/ztimer_core/convert.o
 .debug_aranges
                0x0000000000000b90       0x40 /home/jovyan/work/CprE537_Jamming_AntiJamming/Jammer/bin/native/ztimer_core/convert_shift.o
 .debug_aranges
                0x0000000000000bd0       0x78 /home/jovyan/work/CprE537_Jamming_AntiJamming/Jammer/bin/native/ztimer_core/core.o
 .debug_aranges
                0x0000000000000c48       0x20 /home/jovyan/work/CprE537_Jamming_AntiJamming/Jammer/bin/native/ztimer_core/init.o
 .debug_aranges
                0x0000000000000c68       0x40 /home/jovyan/work/CprE537_Jamming_AntiJamming/Jammer/bin/native/ztimer_core/periodic.o
 .debug_aranges
                0x0000000000000ca8       0x40 /home/jovyan/work/CprE537_Jamming_AntiJamming/Jammer/bin/native/ztimer_core/periph_timer.o
 .debug_aranges
                0x0000000000000ce8       0x70 /home/jovyan/work/CprE537_Jamming_AntiJamming/Jammer/bin/native/ztimer_core/util.o

.debug_pubnames
 *(.debug_pubnames)

.debug_info     0x0000000000000000    0x22ec1
 *(.debug_info .gnu.linkonce.wi.*)
 .debug_info    0x0000000000000000      0x7ea /home/jovyan/work/CprE537_Jamming_AntiJamming/Jammer/bin/native/application_hello-world/main.o
 .debug_info    0x00000000000007ea      0x719 /home/jovyan/work/CprE537_Jamming_AntiJamming/Jammer/bin/native/auto_init/auto_init.o
 .debug_info    0x0000000000000f03      0x378 /home/jovyan/work/CprE537_Jamming_AntiJamming/Jammer/bin/native/board/board_init.o
 .debug_info    0x000000000000127b      0x3bc /home/jovyan/work/CprE537_Jamming_AntiJamming/Jammer/bin/native/core/assert.o
 .debug_info    0x0000000000001637     0x24e5 /home/jovyan/work/CprE537_Jamming_AntiJamming/Jammer/bin/native/core/atomic_c11.o
 .debug_info    0x0000000000003b1c      0x3e8 /home/jovyan/work/CprE537_Jamming_AntiJamming/Jammer/bin/native/core/bitarithm.o
 .debug_info    0x0000000000003f04      0x1be /home/jovyan/work/CprE537_Jamming_AntiJamming/Jammer/bin/native/core/clist.o
 .debug_info    0x00000000000040c2      0x964 /home/jovyan/work/CprE537_Jamming_AntiJamming/Jammer/bin/native/core/cond.o
 .debug_info    0x0000000000004a26      0x769 /home/jovyan/work/CprE537_Jamming_AntiJamming/Jammer/bin/native/core/init.o
 .debug_info    0x000000000000518f     0x170c /home/jovyan/work/CprE537_Jamming_AntiJamming/Jammer/bin/native/core/msg.o
 .debug_info    0x000000000000689b      0xcc5 /home/jovyan/work/CprE537_Jamming_AntiJamming/Jammer/bin/native/core/mutex.o
 .debug_info    0x0000000000007560      0x4ba /home/jovyan/work/CprE537_Jamming_AntiJamming/Jammer/bin/native/core/panic.o
 .debug_info    0x0000000000007a1a      0x735 /home/jovyan/work/CprE537_Jamming_AntiJamming/Jammer/bin/native/core/priority_queue.o
 .debug_info    0x000000000000814f      0x499 /home/jovyan/work/CprE537_Jamming_AntiJamming/Jammer/bin/native/core/ringbuffer.o
 .debug_info    0x00000000000085e8      0x96d /home/jovyan/work/CprE537_Jamming_AntiJamming/Jammer/bin/native/core/rmutex.o
 .debug_info    0x0000000000008f55      0xab6 /home/jovyan/work/CprE537_Jamming_AntiJamming/Jammer/bin/native/core/sched.o